
> vue-antd-jeecg@2.2.0 build
> vue-cli-service build --dest /Users/xuzihan/Documents/Projects/TeachingOpen/.devspace/course-summary-candidate-dist


-  Building for production...
Browserslist: caniuse-lite is outdated. Please run:
  npx update-browserslist-db@latest
  Why you should do it regularly: https://github.com/browserslist/update-db#readme
Browserslist: caniuse-lite is outdated. Please run:
  npx update-browserslist-db@latest
  Why you should do it regularly: https://github.com/browserslist/update-db#readme
 WARNING  Compiled with 12 warnings2:22:22 PM

 warning

chunk chunk-295b2f45 [mini-css-extract-plugin]
Conflicting order. Following module has been added:
 * css /Users/xuzihan/Documents/Projects/TeachingOpen/.devspace/worktrees/course-discovery/web/node_modules/css-loader??ref--10-oneOf-1-1!/Users/xuzihan/Documents/Projects/TeachingOpen/.devspace/worktrees/course-discovery/web/node_modules/vue-loader/lib/loaders/stylePostLoader.js!/Users/xuzihan/Documents/Projects/TeachingOpen/.devspace/worktrees/course-discovery/web/node_modules/postcss-loader/src??ref--10-oneOf-1-2!/Users/xuzihan/Documents/Projects/TeachingOpen/.devspace/worktrees/course-discovery/web/node_modules/less-loader/dist/cjs.js??ref--10-oneOf-1-3!/Users/xuzihan/Documents/Projects/TeachingOpen/.devspace/worktrees/course-discovery/web/node_modules/cache-loader/dist/cjs.js??ref--0-0!/Users/xuzihan/Documents/Projects/TeachingOpen/.devspace/worktrees/course-discovery/web/node_modules/vue-loader/lib??vue-loader-options!./src/components/chart/MiniArea.vue?vue&type=style&index=0&id=1efcadbe&prod&lang=less&scoped=true
despite it was not able to fulfill desired ordering with these modules:
 * css /Users/xuzihan/Documents/Projects/TeachingOpen/.devspace/worktrees/course-discovery/web/node_modules/css-loader??ref--10-oneOf-1-1!/Users/xuzihan/Documents/Projects/TeachingOpen/.devspace/worktrees/course-discovery/web/node_modules/vue-loader/lib/loaders/stylePostLoader.js!/Users/xuzihan/Documents/Projects/TeachingOpen/.devspace/worktrees/course-discovery/web/node_modules/postcss-loader/src??ref--10-oneOf-1-2!/Users/xuzihan/Documents/Projects/TeachingOpen/.devspace/worktrees/course-discovery/web/node_modules/less-loader/dist/cjs.js??ref--10-oneOf-1-3!/Users/xuzihan/Documents/Projects/TeachingOpen/.devspace/worktrees/course-discovery/web/node_modules/cache-loader/dist/cjs.js??ref--0-0!/Users/xuzihan/Documents/Projects/TeachingOpen/.devspace/worktrees/course-discovery/web/node_modules/vue-loader/lib??vue-loader-options!./src/components/chart/MiniBar.vue?vue&type=style&index=0&id=ebc8c03c&prod&lang=less&scoped=true
   - couldn't fulfill desired order of chunk group(s)
   - while fulfilling desired order of chunk group(s) , ,

 warning

chunk chunk-337319f0 [mini-css-extract-plugin]
Conflicting order. Following module has been added:
 * css /Users/xuzihan/Documents/Projects/TeachingOpen/.devspace/worktrees/course-discovery/web/node_modules/css-loader??ref--6-oneOf-1-1!/Users/xuzihan/Documents/Projects/TeachingOpen/.devspace/worktrees/course-discovery/web/node_modules/vue-loader/lib/loaders/stylePostLoader.js!/Users/xuzihan/Documents/Projects/TeachingOpen/.devspace/worktrees/course-discovery/web/node_modules/postcss-loader/src??ref--6-oneOf-1-2!/Users/xuzihan/Documents/Projects/TeachingOpen/.devspace/worktrees/course-discovery/web/node_modules/cache-loader/dist/cjs.js??ref--0-0!/Users/xuzihan/Documents/Projects/TeachingOpen/.devspace/worktrees/course-discovery/web/node_modules/vue-loader/lib??vue-loader-options!./src/views/jeecg/tablist/form/JeecgOrderCustomerModal.vue?vue&type=style&index=0&id=800ce91c&prod&scoped=true&lang=css
despite it was not able to fulfill desired ordering with these modules:
 * css /Users/xuzihan/Documents/Projects/TeachingOpen/.devspace/worktrees/course-discovery/web/node_modules/css-loader??ref--6-oneOf-1-1!/Users/xuzihan/Documents/Projects/TeachingOpen/.devspace/worktrees/course-discovery/web/node_modules/vue-loader/lib/loaders/stylePostLoader.js!/Users/xuzihan/Documents/Projects/TeachingOpen/.devspace/worktrees/course-discovery/web/node_modules/postcss-loader/src??ref--6-oneOf-1-2!/Users/xuzihan/Documents/Projects/TeachingOpen/.devspace/worktrees/course-discovery/web/node_modules/cache-loader/dist/cjs.js??ref--0-0!/Users/xuzihan/Documents/Projects/TeachingOpen/.devspace/worktrees/course-discovery/web/node_modules/vue-loader/lib??vue-loader-options!./src/views/jeecg/tablist/form/JeecgOrderDMainModal.vue?vue&type=style&index=0&id=3947da84&prod&scoped=true&lang=css
   - couldn't fulfill desired order of chunk group(s)

 warning

chunk chunk-337319f0 [mini-css-extract-plugin]
Conflicting order. Following module has been added:
 * css /Users/xuzihan/Documents/Projects/TeachingOpen/.devspace/worktrees/course-discovery/web/node_modules/css-loader??ref--6-oneOf-1-1!/Users/xuzihan/Documents/Projects/TeachingOpen/.devspace/worktrees/course-discovery/web/node_modules/vue-loader/lib/loaders/stylePostLoader.js!/Users/xuzihan/Documents/Projects/TeachingOpen/.devspace/worktrees/course-discovery/web/node_modules/postcss-loader/src??ref--6-oneOf-1-2!/Users/xuzihan/Documents/Projects/TeachingOpen/.devspace/worktrees/course-discovery/web/node_modules/cache-loader/dist/cjs.js??ref--0-0!/Users/xuzihan/Documents/Projects/TeachingOpen/.devspace/worktrees/course-discovery/web/node_modules/vue-loader/lib??vue-loader-options!./src/views/jeecg/tablist/JeecgOrderDMainList.vue?vue&type=style&index=0&id=1bacfb3c&prod&scoped=true&lang=css
despite it was not able to fulfill desired ordering with these modules:
 * css /Users/xuzihan/Documents/Projects/TeachingOpen/.devspace/worktrees/course-discovery/web/node_modules/css-loader??ref--6-oneOf-1-1!/Users/xuzihan/Documents/Projects/TeachingOpen/.devspace/worktrees/course-discovery/web/node_modules/vue-loader/lib/loaders/stylePostLoader.js!/Users/xuzihan/Documents/Projects/TeachingOpen/.devspace/worktrees/course-discovery/web/node_modules/postcss-loader/src??ref--6-oneOf-1-2!/Users/xuzihan/Documents/Projects/TeachingOpen/.devspace/worktrees/course-discovery/web/node_modules/cache-loader/dist/cjs.js??ref--0-0!/Users/xuzihan/Documents/Projects/TeachingOpen/.devspace/worktrees/course-discovery/web/node_modules/vue-loader/lib??vue-loader-options!./src/views/jeecg/tablist/JeecgOrderCustomerList.vue?vue&type=style&index=0&id=032e064e&prod&scoped=true&lang=css
   - couldn't fulfill desired order of chunk group(s)

 warning

chunk chunk-39e07799 [mini-css-extract-plugin]
Conflicting order. Following module has been added:
 * css /Users/xuzihan/Documents/Projects/TeachingOpen/.devspace/worktrees/course-discovery/web/node_modules/css-loader??ref--6-oneOf-1-1!/Users/xuzihan/Documents/Projects/TeachingOpen/.devspace/worktrees/course-discovery/web/node_modules/vue-loader/lib/loaders/stylePostLoader.js!/Users/xuzihan/Documents/Projects/TeachingOpen/.devspace/worktrees/course-discovery/web/node_modules/postcss-loader/src??ref--6-oneOf-1-2!/Users/xuzihan/Documents/Projects/TeachingOpen/.devspace/worktrees/course-discovery/web/node_modules/cache-loader/dist/cjs.js??ref--0-0!/Users/xuzihan/Documents/Projects/TeachingOpen/.devspace/worktrees/course-discovery/web/node_modules/vue-loader/lib??vue-loader-options!./src/views/system/modules/DepartWindow.vue?vue&type=style&index=0&id=7a73cd8c&prod&scoped=true&lang=css
despite it was not able to fulfill desired ordering with these modules:
 * css /Users/xuzihan/Documents/Projects/TeachingOpen/.devspace/worktrees/course-discovery/web/node_modules/css-loader??ref--6-oneOf-1-1!/Users/xuzihan/Documents/Projects/TeachingOpen/.devspace/worktrees/course-discovery/web/node_modules/vue-loader/lib/loaders/stylePostLoader.js!/Users/xuzihan/Documents/Projects/TeachingOpen/.devspace/worktrees/course-discovery/web/node_modules/postcss-loader/src??ref--6-oneOf-1-2!/Users/xuzihan/Documents/Projects/TeachingOpen/.devspace/worktrees/course-discovery/web/node_modules/cache-loader/dist/cjs.js??ref--0-0!/Users/xuzihan/Documents/Projects/TeachingOpen/.devspace/worktrees/course-discovery/web/node_modules/vue-loader/lib??vue-loader-options!./src/views/system/modules/UserModal.vue?vue&type=style&index=0&id=6a72d602&prod&scoped=true&lang=css
   - couldn't fulfill desired order of chunk group(s)
   - while fulfilling desired order of chunk group(s) , , , ,

 warning

chunk chunk-5f72b73b [mini-css-extract-plugin]
Conflicting order. Following module has been added:
 * css /Users/xuzihan/Documents/Projects/TeachingOpen/.devspace/worktrees/course-discovery/web/node_modules/css-loader??ref--10-oneOf-1-1!/Users/xuzihan/Documents/Projects/TeachingOpen/.devspace/worktrees/course-discovery/web/node_modules/vue-loader/lib/loaders/stylePostLoader.js!/Users/xuzihan/Documents/Projects/TeachingOpen/.devspace/worktrees/course-discovery/web/node_modules/postcss-loader/src??ref--10-oneOf-1-2!/Users/xuzihan/Documents/Projects/TeachingOpen/.devspace/worktrees/course-discovery/web/node_modules/less-loader/dist/cjs.js??ref--10-oneOf-1-3!/Users/xuzihan/Documents/Projects/TeachingOpen/.devspace/worktrees/course-discovery/web/node_modules/cache-loader/dist/cjs.js??ref--0-0!/Users/xuzihan/Documents/Projects/TeachingOpen/.devspace/worktrees/course-discovery/web/node_modules/vue-loader/lib??vue-loader-options!./src/components/jeecgbiz/modal/JSelectDepartModal.vue?vue&type=style&index=0&id=6bef2136&prod&lang=less&scoped=true
despite it was not able to fulfill desired ordering with these modules:
 * css /Users/xuzihan/Documents/Projects/TeachingOpen/.devspace/worktrees/course-discovery/web/node_modules/css-loader??ref--10-oneOf-1-1!/Users/xuzihan/Documents/Projects/TeachingOpen/.devspace/worktrees/course-discovery/web/node_modules/vue-loader/lib/loaders/stylePostLoader.js!/Users/xuzihan/Documents/Projects/TeachingOpen/.devspace/worktrees/course-discovery/web/node_modules/postcss-loader/src??ref--10-oneOf-1-2!/Users/xuzihan/Documents/Projects/TeachingOpen/.devspace/worktrees/course-discovery/web/node_modules/less-loader/dist/cjs.js??ref--10-oneOf-1-3!/Users/xuzihan/Documents/Projects/TeachingOpen/.devspace/worktrees/course-discovery/web/node_modules/cache-loader/dist/cjs.js??ref--0-0!/Users/xuzihan/Documents/Projects/TeachingOpen/.devspace/worktrees/course-discovery/web/node_modules/vue-loader/lib??vue-loader-options!./src/components/jeecg/JUpload.vue?vue&type=style&index=0&id=43191c84&prod&lang=less
   - couldn't fulfill desired order of chunk group(s)
   - while fulfilling desired order of chunk group(s) , , ,

 warning

chunk chunk-5f72b73b [mini-css-extract-plugin]
Conflicting order. Following module has been added:
 * css /Users/xuzihan/Documents/Projects/TeachingOpen/.devspace/worktrees/course-discovery/web/node_modules/css-loader??ref--6-oneOf-1-1!/Users/xuzihan/Documents/Projects/TeachingOpen/.devspace/worktrees/course-discovery/web/node_modules/vue-loader/lib/loaders/stylePostLoader.js!/Users/xuzihan/Documents/Projects/TeachingOpen/.devspace/worktrees/course-discovery/web/node_modules/postcss-loader/src??ref--6-oneOf-1-2!/Users/xuzihan/Documents/Projects/TeachingOpen/.devspace/worktrees/course-discovery/web/node_modules/cache-loader/dist/cjs.js??ref--0-0!/Users/xuzihan/Documents/Projects/TeachingOpen/.devspace/worktrees/course-discovery/web/node_modules/vue-loader/lib??vue-loader-options!./src/components/jeecgbiz/JSelectDepart.vue?vue&type=style&index=0&id=bd02b66e&prod&scoped=true&lang=css
despite it was not able to fulfill desired ordering with these modules:
 * css /Users/xuzihan/Documents/Projects/TeachingOpen/.devspace/worktrees/course-discovery/web/node_modules/css-loader??ref--10-oneOf-1-1!/Users/xuzihan/Documents/Projects/TeachingOpen/.devspace/worktrees/course-discovery/web/node_modules/vue-loader/lib/loaders/stylePostLoader.js!/Users/xuzihan/Documents/Projects/TeachingOpen/.devspace/worktrees/course-discovery/web/node_modules/postcss-loader/src??ref--10-oneOf-1-2!/Users/xuzihan/Documents/Projects/TeachingOpen/.devspace/worktrees/course-discovery/web/node_modules/less-loader/dist/cjs.js??ref--10-oneOf-1-3!/Users/xuzihan/Documents/Projects/TeachingOpen/.devspace/worktrees/course-discovery/web/node_modules/cache-loader/dist/cjs.js??ref--0-0!/Users/xuzihan/Documents/Projects/TeachingOpen/.devspace/worktrees/course-discovery/web/node_modules/vue-loader/lib??vue-loader-options!./src/components/jeecg/JUpload.vue?vue&type=style&index=0&id=43191c84&prod&lang=less
   - couldn't fulfill desired order of chunk group(s)
   - while fulfilling desired order of chunk group(s) , , ,

 warning

chunk chunk-5f72b73b [mini-css-extract-plugin]
Conflicting order. Following module has been added:
 * css /Users/xuzihan/Documents/Projects/TeachingOpen/.devspace/worktrees/course-discovery/web/node_modules/css-loader??ref--6-oneOf-3-1!/Users/xuzihan/Documents/Projects/TeachingOpen/.devspace/worktrees/course-discovery/web/node_modules/postcss-loader/src??ref--6-oneOf-3-2!/Users/xuzihan/Documents/Projects/TeachingOpen/.devspace/worktrees/course-discovery/web/node_modules/codemirror/lib/codemirror.css
despite it was not able to fulfill desired ordering with these modules:
 * css /Users/xuzihan/Documents/Projects/TeachingOpen/.devspace/worktrees/course-discovery/web/node_modules/css-loader??ref--10-oneOf-1-1!/Users/xuzihan/Documents/Projects/TeachingOpen/.devspace/worktrees/course-discovery/web/node_modules/vue-loader/lib/loaders/stylePostLoader.js!/Users/xuzihan/Documents/Projects/TeachingOpen/.devspace/worktrees/course-discovery/web/node_modules/postcss-loader/src??ref--10-oneOf-1-2!/Users/xuzihan/Documents/Projects/TeachingOpen/.devspace/worktrees/course-discovery/web/node_modules/less-loader/dist/cjs.js??ref--10-oneOf-1-3!/Users/xuzihan/Documents/Projects/TeachingOpen/.devspace/worktrees/course-discovery/web/node_modules/cache-loader/dist/cjs.js??ref--0-0!/Users/xuzihan/Documents/Projects/TeachingOpen/.devspace/worktrees/course-discovery/web/node_modules/vue-loader/lib??vue-loader-options!./src/components/jeecg/JUpload.vue?vue&type=style&index=0&id=43191c84&prod&lang=less
   - couldn't fulfill desired order of chunk group(s)
   - while fulfilling desired order of chunk group(s) , , ,

 warning

chunk chunk-5f72b73b [mini-css-extract-plugin]
Conflicting order. Following module has been added:
 * css /Users/xuzihan/Documents/Projects/TeachingOpen/.devspace/worktrees/course-discovery/web/node_modules/css-loader??ref--6-oneOf-3-1!/Users/xuzihan/Documents/Projects/TeachingOpen/.devspace/worktrees/course-discovery/web/node_modules/postcss-loader/src??ref--6-oneOf-3-2!/Users/xuzihan/Documents/Projects/TeachingOpen/.devspace/worktrees/course-discovery/web/node_modules/codemirror/theme/panda-syntax.css
despite it was not able to fulfill desired ordering with these modules:
 * css /Users/xuzihan/Documents/Projects/TeachingOpen/.devspace/worktrees/course-discovery/web/node_modules/css-loader??ref--10-oneOf-1-1!/Users/xuzihan/Documents/Projects/TeachingOpen/.devspace/worktrees/course-discovery/web/node_modules/vue-loader/lib/loaders/stylePostLoader.js!/Users/xuzihan/Documents/Projects/TeachingOpen/.devspace/worktrees/course-discovery/web/node_modules/postcss-loader/src??ref--10-oneOf-1-2!/Users/xuzihan/Documents/Projects/TeachingOpen/.devspace/worktrees/course-discovery/web/node_modules/less-loader/dist/cjs.js??ref--10-oneOf-1-3!/Users/xuzihan/Documents/Projects/TeachingOpen/.devspace/worktrees/course-discovery/web/node_modules/cache-loader/dist/cjs.js??ref--0-0!/Users/xuzihan/Documents/Projects/TeachingOpen/.devspace/worktrees/course-discovery/web/node_modules/vue-loader/lib??vue-loader-options!./src/components/jeecg/JUpload.vue?vue&type=style&index=0&id=43191c84&prod&lang=less
   - couldn't fulfill desired order of chunk group(s)
   - while fulfilling desired order of chunk group(s) , , ,

 warning

chunk chunk-5f72b73b [mini-css-extract-plugin]
Conflicting order. Following module has been added:
 * css /Users/xuzihan/Documents/Projects/TeachingOpen/.devspace/worktrees/course-discovery/web/node_modules/css-loader??ref--6-oneOf-3-1!/Users/xuzihan/Documents/Projects/TeachingOpen/.devspace/worktrees/course-discovery/web/node_modules/postcss-loader/src??ref--6-oneOf-3-2!/Users/xuzihan/Documents/Projects/TeachingOpen/.devspace/worktrees/course-discovery/web/node_modules/codemirror/addon/hint/show-hint.css
despite it was not able to fulfill desired ordering with these modules:
 * css /Users/xuzihan/Documents/Projects/TeachingOpen/.devspace/worktrees/course-discovery/web/node_modules/css-loader??ref--10-oneOf-1-1!/Users/xuzihan/Documents/Projects/TeachingOpen/.devspace/worktrees/course-discovery/web/node_modules/vue-loader/lib/loaders/stylePostLoader.js!/Users/xuzihan/Documents/Projects/TeachingOpen/.devspace/worktrees/course-discovery/web/node_modules/postcss-loader/src??ref--10-oneOf-1-2!/Users/xuzihan/Documents/Projects/TeachingOpen/.devspace/worktrees/course-discovery/web/node_modules/less-loader/dist/cjs.js??ref--10-oneOf-1-3!/Users/xuzihan/Documents/Projects/TeachingOpen/.devspace/worktrees/course-discovery/web/node_modules/cache-loader/dist/cjs.js??ref--0-0!/Users/xuzihan/Documents/Projects/TeachingOpen/.devspace/worktrees/course-discovery/web/node_modules/vue-loader/lib??vue-loader-options!./src/components/jeecg/JUpload.vue?vue&type=style&index=0&id=43191c84&prod&lang=less
   - couldn't fulfill desired order of chunk group(s)
   - while fulfilling desired order of chunk group(s) , , ,

 warning

chunk chunk-5f72b73b [mini-css-extract-plugin]
Conflicting order. Following module has been added:
 * css /Users/xuzihan/Documents/Projects/TeachingOpen/.devspace/worktrees/course-discovery/web/node_modules/css-loader??ref--10-oneOf-1-1!/Users/xuzihan/Documents/Projects/TeachingOpen/.devspace/worktrees/course-discovery/web/node_modules/vue-loader/lib/loaders/stylePostLoader.js!/Users/xuzihan/Documents/Projects/TeachingOpen/.devspace/worktrees/course-discovery/web/node_modules/postcss-loader/src??ref--10-oneOf-1-2!/Users/xuzihan/Documents/Projects/TeachingOpen/.devspace/worktrees/course-discovery/web/node_modules/less-loader/dist/cjs.js??ref--10-oneOf-1-3!/Users/xuzihan/Documents/Projects/TeachingOpen/.devspace/worktrees/course-discovery/web/node_modules/cache-loader/dist/cjs.js??ref--0-0!/Users/xuzihan/Documents/Projects/TeachingOpen/.devspace/worktrees/course-discovery/web/node_modules/vue-loader/lib??vue-loader-options!./src/components/jeecg/JCodeEditor.vue?vue&type=style&index=0&id=223238d2&prod&lang=less
despite it was not able to fulfill desired ordering with these modules:
 * css /Users/xuzihan/Documents/Projects/TeachingOpen/.devspace/worktrees/course-discovery/web/node_modules/css-loader??ref--10-oneOf-1-1!/Users/xuzihan/Documents/Projects/TeachingOpen/.devspace/worktrees/course-discovery/web/node_modules/vue-loader/lib/loaders/stylePostLoader.js!/Users/xuzihan/Documents/Projects/TeachingOpen/.devspace/worktrees/course-discovery/web/node_modules/postcss-loader/src??ref--10-oneOf-1-2!/Users/xuzihan/Documents/Projects/TeachingOpen/.devspace/worktrees/course-discovery/web/node_modules/less-loader/dist/cjs.js??ref--10-oneOf-1-3!/Users/xuzihan/Documents/Projects/TeachingOpen/.devspace/worktrees/course-discovery/web/node_modules/cache-loader/dist/cjs.js??ref--0-0!/Users/xuzihan/Documents/Projects/TeachingOpen/.devspace/worktrees/course-discovery/web/node_modules/vue-loader/lib??vue-loader-options!./src/components/jeecg/JUpload.vue?vue&type=style&index=0&id=43191c84&prod&lang=less
   - couldn't fulfill desired order of chunk group(s)
   - while fulfilling desired order of chunk group(s) , , ,

 warning

asset size limit: The following asset(s) exceed the recommended size limit (244 KiB).
This can impact web performance.
Assets:
  js/chunk-036659b6.34f69efc.js (1.24 MiB)
  js/chunk-21f0fc47.38d84dec.js (1.87 MiB)
  js/chunk-2d0ab315.149bc1f3.js (754 KiB)
  js/chunk-5f72b73b.496d3cd8.js (406 KiB)
  css/chunk-vendors.0626b6c1.css (548 KiB)
  js/chunk-vendors.a2dd1501.js (7.91 MiB)
  blockly/blockly_compressed.js (909 KiB)
  python/static/js/appPlayer.js (956 KiB)
  python/static/js/app.js (958 KiB)
  python/static/css/app.css (523 KiB)
  python/static/css/appPlayer.css (523 KiB)
  python/static/js/vendor.js (2.41 MiB)
  scratch3/js/scratch.js (1.38 MiB)
  scratch3/lib.min.js (12.5 MiB)
  scratch3/static/assets/9fd052aaf1b4701ff0134d124d6327a3.jpg (269 KiB)
  scratch3/static/assets/d7eb1e753d603d291d24509c5389d92b.jpg (271 KiB)
  scratch3/static/internalapi/asset/0015433a406a53f00b792424b823268c.png (420 KiB)
  scratch3/static/internalapi/asset/050615fe992a00d6af0e664e497ebf53.png (329 KiB)
  scratch3/static/internalapi/asset/0b4a15ba028bf205ec051390d6ac4de7.png (248 KiB)
  scratch3/static/internalapi/asset/1517c21786d2d0edc2f3037408d850bd.png (286 KiB)
  scratch3/static/internalapi/asset/1679049718869e1f548e1e8823e29c1c.png (262 KiB)
  scratch3/static/internalapi/asset/18e5a88512296cd96417449496bd8711.wav (269 KiB)
  scratch3/static/internalapi/asset/19211d5ecd34214b6aba947790e63bb0.wav (338 KiB)
  scratch3/static/internalapi/asset/1ef98019fc94ea65a1b55d5521285c7a.png (259 KiB)
  scratch3/static/internalapi/asset/2129c842f28d6881f622fdc3497ff2da.png (306 KiB)
  scratch3/static/internalapi/asset/25a6ede51a96d4e55de2ffb81ae96f8c.png (302 KiB)
  scratch3/static/internalapi/asset/2de108f3098e92f5c5976cf75d38e99d.png (414 KiB)
  scratch3/static/internalapi/asset/30085b2d27beb5acdbe895d8b3e64b04.svg (333 KiB)
  scratch3/static/internalapi/asset/47282ff0f7047c6fab9c94b531abf721.png (374 KiB)
  scratch3/static/internalapi/asset/4f45f79af8e8dac3d41eb5a06ade61d4.png (272 KiB)
  scratch3/static/internalapi/asset/4f66053598bea0905e1559ab9d5a6e31.png (498 KiB)
  scratch3/static/internalapi/asset/5b0a970202b464915915260c03f05455.png (403 KiB)
  scratch3/static/internalapi/asset/5d747ec036755a4b129f0d5b978bc61c.png (501 KiB)
  scratch3/static/internalapi/asset/5fab1922f254ae9fd150162c3e392bef.png (509 KiB)
  scratch3/static/internalapi/asset/646ea2f42ab04b54f1359ccfac958561.wav (299 KiB)
  scratch3/static/internalapi/asset/6cab934df643d2fc508cfa90c0c4059b.png (287 KiB)
  scratch3/static/internalapi/asset/82d867fcd9f1b5f49e29c2f853d55665.png (441 KiB)
  scratch3/static/internalapi/asset/84f7b490f0f536cc1337ab7948aa3aa7.wav (431 KiB)
  scratch3/static/internalapi/asset/89691587a169d935a58c48c3d4e78534.wav (315 KiB)
  scratch3/static/internalapi/asset/8c2ae70ee6a15c8d58004df7c4718de1.wav (288 KiB)
  scratch3/static/internalapi/asset/92968ac16b2f0c3f7835a6dacd172c7b.png (361 KiB)
  scratch3/static/internalapi/asset/93d71e8b8a96cc007b8d68f36acd338a.png (249 KiB)
  scratch3/static/internalapi/asset/951765ee7f7370f120c9df20b577c22f.png (437 KiB)
  scratch3/static/internalapi/asset/962201a2b712a302fb087f8f0dcb2076.png (381 KiB)
  scratch3/static/internalapi/asset/968f0ede6e70e1dbb763d6fd4c5003e0.png (411 KiB)
  scratch3/static/internalapi/asset/9b020b8c7cb6a9592f7303add9441d8f.png (253 KiB)
  scratch3/static/internalapi/asset/9b5cdbd596da1b6149f56b794b6394f4.png (455 KiB)
  scratch3/static/internalapi/asset/a23fbf972001c94637b568992f8fd7bd.png (457 KiB)
  scratch3/static/internalapi/asset/c2b097bc5cdb6a14ef5485202bc5ee76.png (392 KiB)
  scratch3/static/internalapi/asset/c4e9e84fd9244ca43986c2bdb6669ae8.wav (345 KiB)
  scratch3/static/internalapi/asset/c587075453ace1584cf155d6a8de604d.wav (322 KiB)
  scratch3/static/internalapi/asset/c7c0b27b959193a0b570a9639cfe8158.png (297 KiB)
  scratch3/static/internalapi/asset/c8d90320d2966c08af8cdd1c6a7a93b5.png (384 KiB)
  scratch3/static/internalapi/asset/c9847be305920807c5597d81576dd0c4.svg (271 KiB)
  scratch3/static/internalapi/asset/d3344650f594bcecdf46aa4a9441badd.svg (310 KiB)
  scratch3/static/internalapi/asset/da102a69d135973e0fc139131dec785a.png (342 KiB)
  scratch3/static/internalapi/asset/e1914ed7917267f1c2ef2b48004cade9.png (372 KiB)
  scratch3/static/internalapi/asset/e213e09ed852c621ba87cde7f95eec79.wav (345 KiB)
  scratch3/static/internalapi/asset/e5f794c8756ca0cead5cb7e7fe354c41.png (497 KiB)
  scratch3/static/internalapi/asset/ea86ca30b346f27ca5faf1254f6a31e3.png (252 KiB)
  scratch3/static/internalapi/asset/efb625f7e0b199b15f69e116cd053cea.png (444 KiB)
  scratch3/static/internalapi/asset/f4f908da19e2753f3ed679d7b37650ca.png (314 KiB)
  scratch3/static/internalapi/asset/f84989feee2cf462a1c597169777ee3c.png (279 KiB)
  scratch3/static/json_index/costumes.json (334 KiB)
  scratch3/static/json_index/sprites.json (539 KiB)
  scratchjr/app.bundle.js (1.18 MiB)
  scratchjr/assets/ui/backgrounds.png (497 KiB)
  scratchjr/samples/chicken.wav (294 KiB)
  scratchjr/samples/Dance_magic.wav (368 KiB)
  scratchjr/samples/Dance_slowmo.wav (435 KiB)
  scratchjr/samples/f63d8716c8262eb633b29c118966d782.svg (471 KiB)
  scratchjr/assets/lobby/intro.mp4 (11.7 MiB)
  scratchjr/app.bundle.js.gz (264 KiB)
  js/chunk-036659b6.34f69efc.js.gz (390 KiB)
  scratch3/js/scratch.js.gz (411 KiB)
  js/chunk-21f0fc47.38d84dec.js.gz (527 KiB)
  python/static/js/vendor.js.gz (740 KiB)
  js/chunk-vendors.a2dd1501.js.gz (2.45 MiB)
  scratch3/lib.min.js.gz (4.36 MiB)

 warning

entrypoint size limit: The following entrypoint(s) combined asset size exceeds the recommended limit (244 KiB). This can impact web performance.
Entrypoints:
  app (8.71 MiB)
      css/chunk-vendors.0626b6c1.css
      js/chunk-vendors.a2dd1501.js
      css/app.34569fa6.css
      js/app.ef325f47.js


  File                                      Size             Gzipped

  ../../../course-summary-candidate-dist    12770.88 KiB     4477.56 KiB
  /scratch3/lib.min.js
  ../../../course-summary-candidate-dist    105.16 KiB       37.71 KiB
  /js/vue.min.js
  ../../../course-summary-candidate-dist    85.48 KiB        29.70 KiB
  /js/jquery.min.js
  ../../../course-summary-candidate-dist    85.48 KiB        29.70 KiB
  /scratchjr/js/jquery.min.js
  ../../../course-summary-candidate-dist    67.90 KiB        22.58 KiB
  /js/qiniu.min.js
  ../../../course-summary-candidate-dist    67.90 KiB        22.58 KiB
  /scratchjr/js/qiniu.min.js
  ../../../course-summary-candidate-dist    19.46 KiB        6.84 KiB
  /js/jquery.qrcode.min.js
  ../../../course-summary-candidate-dist    14.91 KiB        5.35 KiB
  /js/vue-resource.min.js
  ../../../course-summary-candidate-dist    1.27 KiB         0.68 KiB
  /js/jquery.cokie.min.js
  ../../../course-summary-candidate-dist    1.27 KiB         0.68 KiB
  /scratchjr/js/jquery.cokie.min.js
  ../../../course-summary-candidate-dist    8098.27 KiB      2512.54 KiB
  /js/chunk-vendors.a2dd1501.js
  ../../../course-summary-candidate-dist    2464.25 KiB      742.28 KiB
  /python/static/js/vendor.js
  ../../../course-summary-candidate-dist    1918.84 KiB      528.34 KiB
  /js/chunk-21f0fc47.38d84dec.js
  ../../../course-summary-candidate-dist    1416.22 KiB      412.43 KiB
  /scratch3/js/scratch.js
  ../../../course-summary-candidate-dist    1268.80 KiB      392.19 KiB
  /js/chunk-036659b6.34f69efc.js
  ../../../course-summary-candidate-dist    1209.42 KiB      265.15 KiB
  /scratchjr/app.bundle.js
  ../../../course-summary-candidate-dist    958.08 KiB       213.01 KiB
  /python/static/js/app.js
  ../../../course-summary-candidate-dist    955.65 KiB       212.28 KiB
  /python/static/js/appPlayer.js
  ../../../course-summary-candidate-dist    908.75 KiB       167.86 KiB
  /blockly/blockly_compressed.js
  ../../../course-summary-candidate-dist    753.74 KiB       171.21 KiB
  /js/chunk-2d0ab315.149bc1f3.js
  ../../../course-summary-candidate-dist    406.24 KiB       129.47 KiB
  /js/chunk-5f72b73b.496d3cd8.js
  ../../../course-summary-candidate-dist    225.00 KiB       57.31 KiB
  /js/polyfill.js
  ../../../course-summary-candidate-dist    224.45 KiB       60.44 KiB
  /js/app.ef325f47.js
  ../../../course-summary-candidate-dist    197.96 KiB       59.59 KiB
  /js/chunk-5c00e860.d7990e5b.js
  ../../../course-summary-candidate-dist    167.60 KiB       57.44 KiB
  /js/chunk-c595fa56.87eace6f.js
  ../../../course-summary-candidate-dist    104.85 KiB       17.66 KiB
  /blockly/msg/messages.js
  ../../../course-summary-candidate-dist    84.93 KiB        15.45 KiB
  /blockly/blocks_compressed.js
  ../../../course-summary-candidate-dist    75.62 KiB        20.24 KiB
  /js/chunk-7de7fae8.6b4298ec.js
  ../../../course-summary-candidate-dist    69.84 KiB        23.51 KiB
  /js/chunk-dd40ab38.bc845db1.js
  ../../../course-summary-candidate-dist    66.49 KiB        19.60 KiB
  /js/chunk-5f155e69.dffea0f1.js
  ../../../course-summary-candidate-dist    60.35 KiB        17.13 KiB
  /js/chunk-0106ce24.9e690636.js
  ../../../course-summary-candidate-dist    57.05 KiB        16.80 KiB
  /js/chunk-42e8a7a4.be16d3d5.js
  ../../../course-summary-candidate-dist    54.78 KiB        14.20 KiB
  /js/chunk-7cc18e5b.fb82c9e5.js
  ../../../course-summary-candidate-dist    52.69 KiB        8.13 KiB
  /blockly/msg/js/kn.js
  ../../../course-summary-candidate-dist    51.53 KiB        14.94 KiB
  /js/user.3b7284ea.js
  ../../../course-summary-candidate-dist    49.60 KiB        8.08 KiB
  /blockly/msg/js/tcy.js
  ../../../course-summary-candidate-dist    47.68 KiB        7.91 KiB
  /blockly/msg/js/ta.js
  ../../../course-summary-candidate-dist    46.73 KiB        13.17 KiB
  /js/chunk-b15c5b3c.7100a605.js
  ../../../course-summary-candidate-dist    46.46 KiB        8.08 KiB
  /blockly/msg/js/hi.js
  ../../../course-summary-candidate-dist    45.91 KiB        7.46 KiB
  /blockly/msg/js/th.js
  ../../../course-summary-candidate-dist    44.96 KiB        8.85 KiB
  /blockly/javascript_compressed.js
  ../../../course-summary-candidate-dist    43.97 KiB        8.37 KiB
  /blockly/msg/js/el.js
  ../../../course-summary-candidate-dist    43.97 KiB        9.34 KiB
  /blockly/dart_compressed.js
  ../../../course-summary-candidate-dist    43.83 KiB        13.40 KiB
  /js/home.1a3c60ba.js
  ../../../course-summary-candidate-dist    43.80 KiB        7.42 KiB
  /blockly/msg/js/shn.js
  ../../../course-summary-candidate-dist    41.81 KiB        7.73 KiB
  /blockly/msg/js/bn.js
  ../../../course-summary-candidate-dist    41.77 KiB        8.84 KiB
  /blockly/php_compressed.js
  ../../../course-summary-candidate-dist    41.49 KiB        7.80 KiB
  /blockly/msg/js/hy.js
  ../../../course-summary-candidate-dist    41.26 KiB        7.86 KiB
  /blockly/msg/js/ru.js
  ../../../course-summary-candidate-dist    40.55 KiB        7.85 KiB
  /blockly/msg/js/uk.js
  ../../../course-summary-candidate-dist    40.52 KiB        7.98 KiB
  /blockly/msg/js/be-tarask.js
  ../../../course-summary-candidate-dist    40.43 KiB        7.87 KiB
  /blockly/msg/js/be.js
  ../../../course-summary-candidate-dist    40.41 KiB        11.55 KiB
  /js/chunk-e897d88e.d45634b3.js
  ../../../course-summary-candidate-dist    40.38 KiB        7.68 KiB
  /blockly/msg/js/bg.js
  ../../../course-summary-candidate-dist    40.08 KiB        9.28 KiB
  /js/chunk-2c361c6a.bee98e76.js
  ../../../course-summary-candidate-dist    39.98 KiB        8.85 KiB
  /blockly/python_compressed.js
  ../../../course-summary-candidate-dist    39.83 KiB        7.26 KiB
  /blockly/msg/js/mnw.js
  ../../../course-summary-candidate-dist    39.66 KiB        7.82 KiB
  /blockly/msg/js/fa.js
  ../../../course-summary-candidate-dist    39.58 KiB        7.83 KiB
  /blockly/msg/js/bcc.js
  ../../../course-summary-candidate-dist    39.57 KiB        7.13 KiB
  /blockly/msg/js/lo.js
  ../../../course-summary-candidate-dist    39.36 KiB        7.35 KiB
  /blockly/msg/js/dty.js
  ../../../course-summary-candidate-dist    39.32 KiB        7.88 KiB
  /blockly/msg/js/ba.js
  ../../../course-summary-candidate-dist    39.26 KiB        7.74 KiB
  /blockly/msg/js/sr.js
  ../../../course-summary-candidate-dist    39.20 KiB        7.68 KiB
  /blockly/msg/js/ab.js
  ../../../course-summary-candidate-dist    38.98 KiB        7.16 KiB
  /blockly/msg/js/xmf.js
  ../../../course-summary-candidate-dist    38.97 KiB        7.21 KiB
  /blockly/msg/js/te.js
  ../../../course-summary-candidate-dist    38.84 KiB        7.87 KiB
  /blockly/msg/js/lki.js
  ../../../course-summary-candidate-dist    38.79 KiB        7.60 KiB
  /blockly/msg/js/ug-arab.js
  ../../../course-summary-candidate-dist    38.62 KiB        6.96 KiB
  /blockly/msg/js/my.js
  ../../../course-summary-candidate-dist    38.29 KiB        11.75 KiB
  /js/chunk-699e8c58.8e1b288a.js
  ../../../course-summary-candidate-dist    38.27 KiB        7.53 KiB
  /blockly/msg/js/mk.js
  ../../../course-summary-candidate-dist    38.14 KiB        6.87 KiB
  /blockly/msg/js/ml.js
  ../../../course-summary-candidate-dist    38.07 KiB        6.79 KiB
  /blockly/msg/js/ne.js
  ../../../course-summary-candidate-dist    37.96 KiB        7.22 KiB
  /blockly/msg/js/kbd-cyrl.js
  ../../../course-summary-candidate-dist    37.84 KiB        6.74 KiB
  /blockly/msg/js/km.js
  ../../../course-summary-candidate-dist    37.76 KiB        6.53 KiB
  /blockly/msg/js/ka.js
  ../../../course-summary-candidate-dist    37.75 KiB        6.46 KiB
  /blockly/msg/js/la.js
  ../../../course-summary-candidate-dist    37.75 KiB        6.88 KiB
  /blockly/msg/js/pa.js
  ../../../course-summary-candidate-dist    37.75 KiB        6.58 KiB
  /blockly/msg/js/si.js
  ../../../course-summary-candidate-dist    37.75 KiB        6.47 KiB
  /blockly/msg/js/cdo.js
  ../../../course-summary-candidate-dist    37.75 KiB        6.46 KiB
  /blockly/msg/js/mzn.js
  ../../../course-summary-candidate-dist    37.74 KiB        6.46 KiB
  /blockly/msg/js/frr.js
  ../../../course-summary-candidate-dist    37.73 KiB        6.47 KiB
  /blockly/msg/js/ace.js
  ../../../course-summary-candidate-dist    37.73 KiB        6.46 KiB
  /blockly/msg/js/ast.js
  ../../../course-summary-candidate-dist    37.73 KiB        6.69 KiB
  /blockly/msg/js/am.js
  ../../../course-summary-candidate-dist    37.73 KiB        7.01 KiB
  /blockly/msg/js/inh.js
  ../../../course-summary-candidate-dist    37.71 KiB        6.46 KiB
  /blockly/msg/js/sw.js
  ../../../course-summary-candidate-dist    37.70 KiB        6.47 KiB
  /blockly/msg/js/sco.js
  ../../../course-summary-candidate-dist    37.68 KiB        6.97 KiB
  /blockly/msg/js/ky.js
  ../../../course-summary-candidate-dist    37.67 KiB        9.64 KiB
  /js/chunk-c1c21bbc.1d06b3d6.js
  ../../../course-summary-candidate-dist    37.64 KiB        6.53 KiB
  /blockly/msg/js/yue.js
  ../../../course-summary-candidate-dist    37.59 KiB        6.55 KiB
  /blockly/msg/js/hak.js
  ../../../course-summary-candidate-dist    37.56 KiB        7.56 KiB
  /blockly/msg/js/ar.js
  ../../../course-summary-candidate-dist    37.53 KiB        10.45 KiB
  /js/chunk-654a0926.20fa8da6.js
  ../../../course-summary-candidate-dist    37.48 KiB        6.77 KiB
  /blockly/msg/js/ti.js
  ../../../course-summary-candidate-dist    37.42 KiB        6.54 KiB
  /blockly/msg/js/af.js
  ../../../course-summary-candidate-dist    37.41 KiB        6.73 KiB
  /blockly/msg/js/ksh.js
  ../../../course-summary-candidate-dist    37.41 KiB        6.60 KiB
  /blockly/msg/js/uz.js
  ../../../course-summary-candidate-dist    37.38 KiB        7.32 KiB
  /blockly/msg/js/ur.js
  ../../../course-summary-candidate-dist    37.32 KiB        6.57 KiB
  /blockly/msg/js/olo.js
  ../../../course-summary-candidate-dist    37.32 KiB        6.73 KiB
  /blockly/msg/js/ps.js
  ../../../course-summary-candidate-dist    37.31 KiB        6.58 KiB
  /blockly/msg/js/ku-latn.js
  ../../../course-summary-candidate-dist    37.23 KiB        6.86 KiB
  /blockly/msg/js/zgh.js
  ../../../course-summary-candidate-dist    37.20 KiB        6.62 KiB
  /blockly/msg/js/fo.js
  ../../../course-summary-candidate-dist    37.17 KiB        6.67 KiB
  /blockly/msg/js/gn.js
  ../../../course-summary-candidate-dist    37.14 KiB        6.62 KiB
  /blockly/msg/js/mg.js
  ../../../course-summary-candidate-dist    37.05 KiB        7.33 KiB
  /blockly/msg/js/sd.js
  ../../../course-summary-candidate-dist    36.83 KiB        7.11 KiB
  /blockly/msg/js/skr-arab.js
  ../../../course-summary-candidate-dist    36.76 KiB        7.11 KiB
  /blockly/msg/js/lrc.js
  ../../../course-summary-candidate-dist    36.75 KiB        11.77 KiB
  /js/chunk-00962386.4178a286.js
  ../../../course-summary-candidate-dist    36.57 KiB        7.34 KiB
  /blockly/msg/js/he.js
  ../../../course-summary-candidate-dist    36.54 KiB        7.36 KiB
  /blockly/msg/js/vi.js
  ../../../course-summary-candidate-dist    36.51 KiB        6.79 KiB
  /blockly/msg/js/gor.js
  ../../../course-summary-candidate-dist    36.40 KiB        7.04 KiB
  /blockly/msg/js/tl.js
  ../../../course-summary-candidate-dist    36.19 KiB        7.01 KiB
  /blockly/msg/js/lb.js
  ../../../course-summary-candidate-dist    36.04 KiB        7.94 KiB
  /blockly/lua_compressed.js
  ../../../course-summary-candidate-dist    35.87 KiB        6.89 KiB
  /blockly/msg/js/gl.js
  ../../../course-summary-candidate-dist    35.80 KiB        7.13 KiB
  /blockly/msg/js/ee.js
  ../../../course-summary-candidate-dist    35.50 KiB        6.96 KiB
  /blockly/msg/js/bs.js
  ../../../course-summary-candidate-dist    35.44 KiB        7.77 KiB
  /blockly/msg/js/ko.js
  ../../../course-summary-candidate-dist    35.18 KiB        7.11 KiB
  /blockly/msg/js/oc.js
  ../../../course-summary-candidate-dist    35.00 KiB        7.10 KiB
  /blockly/msg/js/eu.js
  ../../../course-summary-candidate-dist    34.87 KiB        6.79 KiB
  /blockly/msg/js/ig.js
  ../../../course-summary-candidate-dist    34.84 KiB        7.35 KiB
  /blockly/msg/js/az.js
  ../../../course-summary-candidate-dist    34.70 KiB        7.33 KiB
  /blockly/msg/js/ja.js
  ../../../course-summary-candidate-dist    34.65 KiB        7.21 KiB
  /blockly/msg/js/fr.js
  ../../../course-summary-candidate-dist    34.64 KiB        6.64 KiB
  /blockly/msg/js/tlh.js
  ../../../course-summary-candidate-dist    34.43 KiB        6.48 KiB
  /blockly/msg/js/en-gb.js
  ../../../course-summary-candidate-dist    34.42 KiB        7.34 KiB
  /blockly/msg/js/hrx.js
  ../../../course-summary-candidate-dist    34.00 KiB        7.53 KiB
  /blockly/msg/js/diq.js
  ../../../course-summary-candidate-dist    33.88 KiB        7.72 KiB
  /blockly/msg/js/lt.js
  ../../../course-summary-candidate-dist    33.88 KiB        7.36 KiB
  /blockly/msg/js/hu.js
  ../../../course-summary-candidate-dist    33.86 KiB        6.85 KiB
  /blockly/msg/js/es.js
  ../../../course-summary-candidate-dist    33.84 KiB        7.24 KiB
  /blockly/msg/js/ro.js
  ../../../course-summary-candidate-dist    33.79 KiB        6.98 KiB
  /blockly/msg/js/ca.js
  ../../../course-summary-candidate-dist    33.79 KiB        7.02 KiB
  /blockly/msg/js/br.js
  ../../../course-summary-candidate-dist    33.78 KiB        6.90 KiB
  /blockly/msg/js/sc.js
  ../../../course-summary-candidate-dist    33.72 KiB        7.29 KiB
  /blockly/msg/js/sq.js
  ../../../course-summary-candidate-dist    33.69 KiB        6.77 KiB
  /blockly/msg/js/it.js
  ../../../course-summary-candidate-dist    33.60 KiB        7.07 KiB
  /blockly/msg/js/yo.js
  ../../../course-summary-candidate-dist    33.57 KiB        6.92 KiB
  /blockly/msg/js/ha.js
  ../../../course-summary-candidate-dist    33.52 KiB        6.95 KiB
  /blockly/msg/js/pms.js
  ../../../course-summary-candidate-dist    33.50 KiB        7.40 KiB
  /blockly/msg/js/cs.js
  ../../../course-summary-candidate-dist    33.49 KiB        7.15 KiB
  /blockly/msg/js/lv.js
  ../../../course-summary-candidate-dist    33.48 KiB        6.61 KiB
  /blockly/msg/js/ia.js
  ../../../course-summary-candidate-dist    33.43 KiB        7.13 KiB
  /blockly/msg/js/de.js
  ../../../course-summary-candidate-dist    33.42 KiB        7.18 KiB
  /blockly/msg/js/ms.js
  ../../../course-summary-candidate-dist    33.40 KiB        6.92 KiB
  /blockly/msg/js/pt-br.js
  ../../../course-summary-candidate-dist    33.40 KiB        6.85 KiB
  /blockly/msg/js/da.js
  ../../../course-summary-candidate-dist    33.29 KiB        6.92 KiB
  /blockly/msg/js/pt.js
  ../../../course-summary-candidate-dist    33.28 KiB        7.00 KiB
  /blockly/msg/js/et.js
  ../../../course-summary-candidate-dist    33.25 KiB        7.04 KiB
  /blockly/msg/js/nl.js
  ../../../course-summary-candidate-dist    33.18 KiB        6.92 KiB
  /blockly/msg/js/eo.js
  ../../../course-summary-candidate-dist    33.09 KiB        6.99 KiB
  /blockly/msg/js/fi.js
  ../../../course-summary-candidate-dist    33.09 KiB        7.01 KiB
  /blockly/msg/js/tr.js
  ../../../course-summary-candidate-dist    33.07 KiB        6.91 KiB
  /blockly/msg/js/sv.js
  ../../../course-summary-candidate-dist    33.03 KiB        6.89 KiB
  /blockly/msg/js/id.js
  ../../../course-summary-candidate-dist    32.94 KiB        7.20 KiB
  /blockly/msg/js/pl.js
  ../../../course-summary-candidate-dist    32.83 KiB        10.54 KiB
  /js/chunk-33c06197.e803d0e3.js
  ../../../course-summary-candidate-dist    32.76 KiB        6.94 KiB
  /blockly/msg/js/nb.js
  ../../../course-summary-candidate-dist    32.69 KiB        6.79 KiB
  /blockly/msg/js/kab.js
  ../../../course-summary-candidate-dist    32.49 KiB        7.09 KiB
  /blockly/msg/js/sk.js
  ../../../course-summary-candidate-dist    32.42 KiB        6.89 KiB
  /blockly/msg/js/hr.js
  ../../../course-summary-candidate-dist    32.35 KiB        7.19 KiB
  /blockly/msg/js/sr-latn.js
  ../../../course-summary-candidate-dist    32.28 KiB        7.06 KiB
  /blockly/msg/js/zh-hant.js
  ../../../course-summary-candidate-dist    32.12 KiB        7.15 KiB
  /blockly/msg/js/zh-hans.js
  ../../../course-summary-candidate-dist    32.06 KiB        7.05 KiB
  /blockly/msg/js/is.js
  ../../../course-summary-candidate-dist    31.67 KiB        6.72 KiB
  /blockly/msg/js/sl.js
  ../../../course-summary-candidate-dist    31.30 KiB        6.34 KiB
  /blockly/msg/js/en.js
  ../../../course-summary-candidate-dist    30.33 KiB        9.52 KiB
  /js/chunk-48792450.e99b35f5.js
  ../../../course-summary-candidate-dist    30.16 KiB        7.81 KiB
  /js/chunk-337319f0.4c757012.js
  ../../../course-summary-candidate-dist    29.32 KiB        8.19 KiB
  /js/chunk-e1275998.790d8642.js
  ../../../course-summary-candidate-dist    28.61 KiB        9.17 KiB
  /js/chunk-da74b6ea.b11e337c.js
  ../../../course-summary-candidate-dist    28.36 KiB        7.56 KiB
  /js/chunk-fe7380b8.1dbab8bc.js
  ../../../course-summary-candidate-dist    27.50 KiB        8.32 KiB
  /js/chunk-5394f16f.447eeb42.js
  ../../../course-summary-candidate-dist    27.35 KiB        7.41 KiB
  /js/chunk-35ebffbf.df1a497c.js
  ../../../course-summary-candidate-dist    26.92 KiB        9.08 KiB
  /js/chunk-56892c62.112dcd5b.js
  ../../../course-summary-candidate-dist    26.85 KiB        8.34 KiB
  /js/chunk-39e07799.d47c463b.js
  ../../../course-summary-candidate-dist    26.40 KiB        8.58 KiB
  /js/chunk-4ee438f8.47d4ba3c.js
  ../../../course-summary-candidate-dist    25.80 KiB        6.97 KiB
  /js/chunk-34fc7cbc.a9995fc2.js
  ../../../course-summary-candidate-dist    25.48 KiB        8.70 KiB
  /js/chunk-8148b846.ffa7931e.js
  ../../../course-summary-candidate-dist    25.39 KiB        8.54 KiB
  /js/chunk-577a7cd0.52a8a287.js
  ../../../course-summary-candidate-dist    25.23 KiB        8.96 KiB
  /js/chunk-4df55040.f0510e7f.js
  ../../../course-summary-candidate-dist    25.06 KiB        8.04 KiB
  /js/chunk-7fd011d4.aeed7302.js
  ../../../course-summary-candidate-dist    24.97 KiB        3.76 KiB
  /js/chunk-061af9cd.b381b21a.js
  ../../../course-summary-candidate-dist    24.77 KiB        7.02 KiB
  /js/chunk-3452d4e4.c9097e61.js
  ../../../course-summary-candidate-dist    24.06 KiB        7.99 KiB
  /js/chunk-ad990116.1978340c.js
  ../../../course-summary-candidate-dist    23.09 KiB        6.98 KiB
  /js/chunk-2a465c9b.8699efd6.js
  ../../../course-summary-candidate-dist    22.81 KiB        6.26 KiB
  /js/chunk-2b2afeb4.5f8911c2.js
  ../../../course-summary-candidate-dist    22.81 KiB        7.69 KiB
  /js/chunk-dab567ea.fefbf6dc.js
  ../../../course-summary-candidate-dist    22.65 KiB        3.97 KiB
  /js/chunk-feaee3de.ee6ac9f8.js
  ../../../course-summary-candidate-dist    21.14 KiB        6.61 KiB
  /js/chunk-0ca556c5.55a3514a.js
  ../../../course-summary-candidate-dist    20.80 KiB        6.83 KiB
  /js/chunk-885abb1e.d50e0d07.js
  ../../../course-summary-candidate-dist    19.97 KiB        6.36 KiB
  /js/chunk-32dddb77.af5bfcb0.js
  ../../../course-summary-candidate-dist    19.68 KiB        6.33 KiB
  /js/chunk-d103020a.b9c018e8.js
  ../../../course-summary-candidate-dist    19.59 KiB        6.43 KiB
  /js/chunk-4d3c2ec8.1c8db315.js
  ../../../course-summary-candidate-dist    19.41 KiB        5.72 KiB
  /js/chunk-9eb3b5b2.e120164d.js
  ../../../course-summary-candidate-dist    19.32 KiB        6.14 KiB
  /js/chunk-70d2de14.e8d6351b.js
  ../../../course-summary-candidate-dist    19.24 KiB        8.33 KiB
  /js/chunk-38329d04.9c4444f2.js
  ../../../course-summary-candidate-dist    19.16 KiB        6.42 KiB
  /blockly/code.js
  ../../../course-summary-candidate-dist    19.07 KiB        6.22 KiB
  /scratch3/chunks/ar-steps.js
  ../../../course-summary-candidate-dist    18.90 KiB        6.02 KiB
  /js/chunk-4d8e1b1d.6d8bc5ea.js
  ../../../course-summary-candidate-dist    17.98 KiB        5.99 KiB
  /js/chunk-2dc23de8.0643e14a.js
  ../../../course-summary-candidate-dist    17.78 KiB        5.56 KiB
  /scratch3/extension-worker.js
  ../../../course-summary-candidate-dist    17.74 KiB        5.94 KiB
  /js/chunk-702a59b0.c7f0f466.js
  ../../../course-summary-candidate-dist    17.63 KiB        5.17 KiB
  /js/chunk-382b809a.22c60a0e.js
  ../../../course-summary-candidate-dist    17.44 KiB        5.61 KiB
  /js/chunk-2a3f17f4.5eec12de.js
  ../../../course-summary-candidate-dist    17.35 KiB        5.95 KiB
  /js/chunk-d4d526a2.3472087c.js
  ../../../course-summary-candidate-dist    17.33 KiB        5.27 KiB
  /js/chunk-2e2cadca.d62776fb.js
  ../../../course-summary-candidate-dist    17.32 KiB        5.40 KiB
  /js/chunk-60691329.db496983.js
  ../../../course-summary-candidate-dist    16.95 KiB        5.71 KiB
  /js/chunk-380317be.72343921.js
  ../../../course-summary-candidate-dist    16.89 KiB        5.82 KiB
  /js/chunk-21a8d479.b80425df.js
  ../../../course-summary-candidate-dist    16.82 KiB        6.52 KiB
  /js/chunk-4cf1490f.3f363304.js
  ../../../course-summary-candidate-dist    16.72 KiB        5.94 KiB
  /js/chunk-774f2a3a.f324426d.js
  ../../../course-summary-candidate-dist    16.63 KiB        5.46 KiB
  /js/chunk-3cb6f54d.16f072df.js
  ../../../course-summary-candidate-dist    16.48 KiB        4.94 KiB
  /js/chunk-571e4483.c8bffafc.js
  ../../../course-summary-candidate-dist    16.41 KiB        6.11 KiB
  /js/chunk-9a2bd16a.c82eba80.js
  ../../../course-summary-candidate-dist    16.07 KiB        5.49 KiB
  /js/chunk-6c1dfd96.d7476096.js
  ../../../course-summary-candidate-dist    15.93 KiB        5.63 KiB
  /js/chunk-a08a698a.cbd77170.js
  ../../../course-summary-candidate-dist    15.65 KiB        5.27 KiB
  /scratch3/chunks/pt_BR-steps.js
  ../../../course-summary-candidate-dist    15.65 KiB        5.28 KiB
  /scratch3/chunks/zh_CN-steps.js
  ../../../course-summary-candidate-dist    15.65 KiB        5.27 KiB
  /scratch3/chunks/zh_TW-steps.js
  ../../../course-summary-candidate-dist    15.64 KiB        5.29 KiB
  /scratch3/chunks/sw-steps.js
  ../../../course-summary-candidate-dist    15.64 KiB        5.28 KiB
  /scratch3/chunks/tr-steps.js
  ../../../course-summary-candidate-dist    15.64 KiB        5.28 KiB
  /scratch3/chunks/uk-steps.js
  ../../../course-summary-candidate-dist    15.64 KiB        5.28 KiB
  /scratch3/chunks/zu-steps.js
  ../../../course-summary-candidate-dist    15.64 KiB        5.29 KiB
  /scratch3/chunks/am-steps.js
  ../../../course-summary-candidate-dist    15.64 KiB        5.28 KiB
  /scratch3/chunks/es-steps.js
  ../../../course-summary-candidate-dist    15.64 KiB        5.28 KiB
  /scratch3/chunks/ja-steps.js
  ../../../course-summary-candidate-dist    15.64 KiB        5.28 KiB
  /scratch3/chunks/fr-steps.js
  ../../../course-summary-candidate-dist    15.25 KiB        6.60 KiB
  /js/chunk-10204d6b.be2a94f6.js
  ../../../course-summary-candidate-dist    15.17 KiB        4.91 KiB
  /js/chunk-49a94d80.8ebfb211.js
  ../../../course-summary-candidate-dist    14.76 KiB        4.94 KiB
  /js/chunk-155de80d.e0803fc3.js
  ../../../course-summary-candidate-dist    14.57 KiB        4.55 KiB
  /js/chunk-89c64976.e4c99ad8.js
  ../../../course-summary-candidate-dist    14.23 KiB        5.07 KiB
  /js/chunk-846e4bd2.30e228da.js
  ../../../course-summary-candidate-dist    14.22 KiB        4.83 KiB
  /js/chunk-3f550f3e.b85bfce9.js
  ../../../course-summary-candidate-dist    13.47 KiB        5.22 KiB
  /js/chunk-5f8975e0.f4ffa3b1.js
  ../../../course-summary-candidate-dist    13.46 KiB        4.03 KiB
  /js/chunk-56c51fc2.b8ad6350.js
  ../../../course-summary-candidate-dist    13.21 KiB        3.89 KiB
  /js/chunk-750e3f31.bfa05af4.js
  ../../../course-summary-candidate-dist    12.98 KiB        3.31 KiB
  /js/chunk-060084d5.db9ea9f9.js
  ../../../course-summary-candidate-dist    12.53 KiB        4.53 KiB
  /js/chunk-63108879.e86b7934.js
  ../../../course-summary-candidate-dist    12.44 KiB        4.78 KiB
  /js/chunk-a4a5036e.2f251e95.js
  ../../../course-summary-candidate-dist    12.42 KiB        4.45 KiB
  /js/chunk-9da903d8.f6bf3f7a.js
  ../../../course-summary-candidate-dist    12.19 KiB        3.93 KiB
  /js/chunk-91def5e6.0b1e9639.js
  ../../../course-summary-candidate-dist    12.17 KiB        3.88 KiB
  /js/chunk-655600c2.1004ca2a.js
  ../../../course-summary-candidate-dist    12.09 KiB        4.21 KiB
  /js/chunk-2b125264.f8e2a18a.js
  ../../../course-summary-candidate-dist    12.02 KiB        4.38 KiB
  /js/chunk-43aea182.53cd3675.js
  ../../../course-summary-candidate-dist    11.82 KiB        6.22 KiB
  /js/chunk-2811eab1.052ba9e9.js
  ../../../course-summary-candidate-dist    11.55 KiB        4.10 KiB
  /js/chunk-8e1d9894.841a945b.js
  ../../../course-summary-candidate-dist    11.47 KiB        4.21 KiB
  /js/chunk-71c04522.f1e0409c.js
  ../../../course-summary-candidate-dist    11.25 KiB        3.95 KiB
  /tinymce/langs/zh_CN.js
  ../../../course-summary-candidate-dist    11.12 KiB        4.08 KiB
  /js/chunk-19c7fca4.fbd8521b.js
  ../../../course-summary-candidate-dist    11.03 KiB        4.10 KiB
  /js/chunk-507301b0.58f69a8b.js
  ../../../course-summary-candidate-dist    10.86 KiB        4.06 KiB
  /js/chunk-73594c9e.374d7b6b.js
  ../../../course-summary-candidate-dist    10.83 KiB        3.41 KiB
  /scratch3/cloud-client.js
  ../../../course-summary-candidate-dist    10.82 KiB        3.79 KiB
  /scratchjr/editor-bridge.js
  ../../../course-summary-candidate-dist    10.60 KiB        3.27 KiB
  /js/chunk-b62d3396.3c202916.js
  ../../../course-summary-candidate-dist    10.46 KiB        3.56 KiB
  /js/chunk-21b08424.724a2337.js
  ../../../course-summary-candidate-dist    10.35 KiB        3.67 KiB
  /js/chunk-0a8ffb9c.a1fa5a42.js
  ../../../course-summary-candidate-dist    10.24 KiB        3.58 KiB
  /js/chunk-bde14650.38e858bc.js
  ../../../course-summary-candidate-dist    10.23 KiB        3.75 KiB
  /js/chunk-c387b504.e5b05fb7.js
  ../../../course-summary-candidate-dist    10.21 KiB        3.98 KiB
  /js/chunk-4375d9ca.8518de91.js
  ../../../course-summary-candidate-dist    9.93 KiB         3.55 KiB
  /js/chunk-5679af42.fdf3471f.js
  ../../../course-summary-candidate-dist    9.83 KiB         2.62 KiB
  /js/chunk-2d0e8c90.f717c390.js
  ../../../course-summary-candidate-dist    9.76 KiB         3.07 KiB
  /scratch3/static/extensions/example-ex
  tension.js
  ../../../course-summary-candidate-dist    9.73 KiB         3.61 KiB
  /js/chunk-2352e4ec.1e8e0c3e.js
  ../../../course-summary-candidate-dist    9.51 KiB         3.11 KiB
  /js/chunk-57bb7720.103c31a5.js
  ../../../course-summary-candidate-dist    9.36 KiB         3.45 KiB
  /js/chunk-ad1e6236.ed4ae026.js
  ../../../course-summary-candidate-dist    9.15 KiB         3.67 KiB
  /js/chunk-5d11afae.6a3523d9.js
  ../../../course-summary-candidate-dist    9.13 KiB         3.50 KiB
  /js/chunk-2f5fd4d0.577a4b83.js
  ../../../course-summary-candidate-dist    9.08 KiB         3.46 KiB
  /v2.js
  ../../../course-summary-candidate-dist    8.94 KiB         3.24 KiB
  /scratch3/editor-bridge.js
  ../../../course-summary-candidate-dist    8.93 KiB         3.42 KiB
  /js/chunk-1704622f.16e4acb6.js
  ../../../course-summary-candidate-dist    8.71 KiB         3.08 KiB
  /js/chunk-4c5df1b8.437aed21.js
  ../../../course-summary-candidate-dist    8.70 KiB         3.07 KiB
  /js/chunk-5c6cac6a.9007343e.js
  ../../../course-summary-candidate-dist    8.47 KiB         2.86 KiB
  /js/common.js
  ../../../course-summary-candidate-dist    8.38 KiB         2.97 KiB
  /js/chunk-162dee7b.fded552f.js
  ../../../course-summary-candidate-dist    8.22 KiB         2.71 KiB
  /js/chunk-2839cb58.57392d08.js
  ../../../course-summary-candidate-dist    8.12 KiB         2.41 KiB
  /js/chunk-2d22d262.2ce9c0e7.js
  ../../../course-summary-candidate-dist    7.86 KiB         2.93 KiB
  /js/chunk-ccaa20dc.73f3ddbf.js
  ../../../course-summary-candidate-dist    7.85 KiB         3.07 KiB
  /js/chunk-0568f6a4.0ed7a5a8.js
  ../../../course-summary-candidate-dist    7.60 KiB         2.77 KiB
  /js/chunk-d56de2f6.18af6df5.js
  ../../../course-summary-candidate-dist    7.26 KiB         2.48 KiB
  /js/chunk-295b2f45.a225e402.js
  ../../../course-summary-candidate-dist    7.15 KiB         2.84 KiB
  /js/chunk-63e7cfd2.e41493cc.js
  ../../../course-summary-candidate-dist    7.14 KiB         2.71 KiB
  /js/chunk-2d20fed6.43d28533.js
  ../../../course-summary-candidate-dist    7.12 KiB         2.78 KiB
  /js/chunk-6f9e13e4.2c81712f.js
  ../../../course-summary-candidate-dist    7.11 KiB         2.27 KiB
  /js/chunk-fc3a60d8.e4b4b536.js
  ../../../course-summary-candidate-dist    7.01 KiB         2.49 KiB
  /js/chunk-56833d87.0fdb3a0d.js
  ../../../course-summary-candidate-dist    6.90 KiB         3.98 KiB
  /js/chunk-05ad0f38.0b957e51.js
  ../../../course-summary-candidate-dist    6.82 KiB         2.55 KiB
  /js/chunk-f6cfc46a.2713c0f6.js
  ../../../course-summary-candidate-dist    6.73 KiB         2.14 KiB
  /js/chunk-68fd7438.72a0912c.js
  ../../../course-summary-candidate-dist    6.71 KiB         2.39 KiB
  /js/chunk-1931d078.49148302.js
  ../../../course-summary-candidate-dist    6.69 KiB         2.62 KiB
  /python/editor-bridge.js
  ../../../course-summary-candidate-dist    6.60 KiB         2.02 KiB
  /js/chunk-773edb85.e07b7f4b.js
  ../../../course-summary-candidate-dist    6.57 KiB         2.11 KiB
  /js/chunk-0fc9ab06.78194ff1.js
  ../../../course-summary-candidate-dist    6.47 KiB         2.07 KiB
  /js/chunk-2bd4832e.473053f0.js
  ../../../course-summary-candidate-dist    6.45 KiB         2.43 KiB
  /js/chunk-7816dbd1.9b528164.js
  ../../../course-summary-candidate-dist    6.26 KiB         2.47 KiB
  /js/chunk-1de2f5c1.591a8f5e.js
  ../../../course-summary-candidate-dist    6.24 KiB         2.35 KiB
  /js/chunk-e9ca1ee8.14b0d6ba.js
  ../../../course-summary-candidate-dist    6.06 KiB         2.42 KiB
  /js/chunk-544a773d.df685550.js
  ../../../course-summary-candidate-dist    5.99 KiB         1.78 KiB
  /blockly/storage.js
  ../../../course-summary-candidate-dist    5.93 KiB         2.30 KiB
  /js/chunk-690d59a8.b08dc3fe.js
  ../../../course-summary-candidate-dist    5.90 KiB         2.15 KiB
  /js/chunk-30d2e363.4fc7fe43.js
  ../../../course-summary-candidate-dist    5.87 KiB         2.38 KiB
  /js/chunk-b7066220.66b0f95f.js
  ../../../course-summary-candidate-dist    5.83 KiB         2.06 KiB
  /js/chunk-7e62704e.d9192229.js
  ../../../course-summary-candidate-dist    5.81 KiB         2.36 KiB
  /scratch3/persistence.js
  ../../../course-summary-candidate-dist    5.78 KiB         2.38 KiB
  /js/chunk-564f2ed8.1bc2accc.js
  ../../../course-summary-candidate-dist    5.66 KiB         2.28 KiB
  /js/chunk-6919257a.1417736b.js
  ../../../course-summary-candidate-dist    5.62 KiB         2.05 KiB
  /js/chunk-2d0d30b9.e971220e.js
  ../../../course-summary-candidate-dist    5.58 KiB         2.38 KiB
  /js/chunk-c3477bb8.6e5bf823.js
  ../../../course-summary-candidate-dist    5.52 KiB         1.94 KiB
  /js/chunk-4ff90fe6.8969ef86.js
  ../../../course-summary-candidate-dist    5.45 KiB         1.90 KiB
  /js/chunk-0c878aea.e51e0705.js
  ../../../course-summary-candidate-dist    5.40 KiB         2.17 KiB
  /js/chunk-9de5a37c.65661ecf.js
  ../../../course-summary-candidate-dist    5.39 KiB         2.15 KiB
  /js/chunk-0bffafdf.bc005141.js
  ../../../course-summary-candidate-dist    5.38 KiB         1.98 KiB
  /js/chunk-2d0d4043.2ee5783e.js
  ../../../course-summary-candidate-dist    5.36 KiB         2.29 KiB
  /js/chunk-29acf03b.54419431.js
  ../../../course-summary-candidate-dist    5.17 KiB         2.16 KiB
  /js/chunk-34cb0060.372b5999.js
  ../../../course-summary-candidate-dist    5.14 KiB         2.09 KiB
  /python/persistence.js
  ../../../course-summary-candidate-dist    5.06 KiB         2.01 KiB
  /js/chunk-3f4e60be.482dd456.js
  ../../../course-summary-candidate-dist    5.05 KiB         2.23 KiB
  /js/chunk-0404f611.b77b7d12.js
  ../../../course-summary-candidate-dist    4.93 KiB         2.08 KiB
  /js/chunk-5bb66b2b.6d323230.js
  ../../../course-summary-candidate-dist    4.92 KiB         2.09 KiB
  /js/chunk-14a3441f.de032249.js
  ../../../course-summary-candidate-dist    4.90 KiB         2.03 KiB
  /js/chunk-2d238446.632f9e63.js
  ../../../course-summary-candidate-dist    4.81 KiB         1.98 KiB
  /js/chunk-30736557.797a9f4c.js
  ../../../course-summary-candidate-dist    4.60 KiB         1.71 KiB
  /js/chunk-2d0d01f4.81e1f0c8.js
  ../../../course-summary-candidate-dist    4.53 KiB         1.73 KiB
  /js/chunk-2d0da383.517a3bcd.js
  ../../../course-summary-candidate-dist    4.47 KiB         1.86 KiB
  /js/chunk-2d23019d.c0ae91f2.js
  ../../../course-summary-candidate-dist    4.38 KiB         2.02 KiB
  /js/chunk-2d0c4e25.1f92ef03.js
  ../../../course-summary-candidate-dist    4.29 KiB         1.79 KiB
  /js/chunk-41628c0b.3c9e07c9.js
  ../../../course-summary-candidate-dist    4.22 KiB         1.38 KiB
  /js/chunk-2d0cef18.fff0f523.js
  ../../../course-summary-candidate-dist    4.17 KiB         1.56 KiB
  /js/chunk-06e9670c.21a6a334.js
  ../../../course-summary-candidate-dist    4.17 KiB         1.61 KiB
  /js/chunk-4f8d3122.952197d3.js
  ../../../course-summary-candidate-dist    4.11 KiB         1.23 KiB
  /js/chunk-2d221f96.c2b15349.js
  ../../../course-summary-candidate-dist    4.08 KiB         1.55 KiB
  /js/chunk-2d216d93.778dc383.js
  ../../../course-summary-candidate-dist    3.97 KiB         1.15 KiB
  /js/chunk-4b168cec.d5bbe18b.js
  ../../../course-summary-candidate-dist    3.96 KiB         1.60 KiB
  /js/chunk-676c7816.1e23d7ab.js
  ../../../course-summary-candidate-dist    3.95 KiB         1.68 KiB
  /js/chunk-3f00a3bc.39956f96.js
  ../../../course-summary-candidate-dist    3.94 KiB         1.67 KiB
  /js/chunk-05f1eee6.099d1fba.js
  ../../../course-summary-candidate-dist    3.88 KiB         1.63 KiB
  /js/chunk-a3d7df0a.1f2b4ce5.js
  ../../../course-summary-candidate-dist    3.79 KiB         1.12 KiB
  /js/chunk-2d0e9974.b45ce35e.js
  ../../../course-summary-candidate-dist    3.78 KiB         1.14 KiB
  /scratch3/js/keyboard.js
  ../../../course-summary-candidate-dist    3.74 KiB         1.53 KiB
  /js/chunk-09b939f2.e520fa5c.js
  ../../../course-summary-candidate-dist    3.73 KiB         1.58 KiB
  /js/chunk-32b42889.2416c484.js
  ../../../course-summary-candidate-dist    3.70 KiB         1.80 KiB
  /js/chunk-4dcaccd8.5b55697c.js
  ../../../course-summary-candidate-dist    3.61 KiB         1.40 KiB
  /js/chunk-30c74116.316c13a4.js
  ../../../course-summary-candidate-dist    3.61 KiB         1.40 KiB
  /js/chunk-30c913cb.f85634fc.js
  ../../../course-summary-candidate-dist    3.59 KiB         1.40 KiB
  /js/chunk-1d9973c8.048c420e.js
  ../../../course-summary-candidate-dist    3.47 KiB         1.50 KiB
  /js/chunk-0067c404.21188e01.js
  ../../../course-summary-candidate-dist    3.24 KiB         1.17 KiB
  /js/chunk-2b19b8cc.c547e46f.js
  ../../../course-summary-candidate-dist    3.19 KiB         1.53 KiB
  /js/chunk-976c9a12.67d4185a.js
  ../../../course-summary-candidate-dist    3.16 KiB         1.27 KiB
  /js/chunk-2d0c1d57.050d8ade.js
  ../../../course-summary-candidate-dist    3.13 KiB         1.40 KiB
  /js/chunk-7bec7679.ae63990c.js
  ../../../course-summary-candidate-dist    3.13 KiB         1.29 KiB
  /js/chunk-2d229a09.a63fe06c.js
  ../../../course-summary-candidate-dist    2.97 KiB         1.40 KiB
  /js/chunk-2d0c230b.81662ee2.js
  ../../../course-summary-candidate-dist    2.97 KiB         1.41 KiB
  /js/chunk-3edc4aee.6c663b62.js
  ../../../course-summary-candidate-dist    2.93 KiB         1.28 KiB
  /scratch3/player-bridge.js
  ../../../course-summary-candidate-dist    2.93 KiB         1.12 KiB
  /scratch3/player-layout.js
  ../../../course-summary-candidate-dist    2.91 KiB         1.26 KiB
  /scratch3/chunks/compatibilitytesting.
  js
  ../../../course-summary-candidate-dist    2.86 KiB         1.31 KiB
  /js/chunk-0d4eb5c9.4df3fceb.js
  ../../../course-summary-candidate-dist    2.77 KiB         1.27 KiB
  /scratch3/chunks/gui.js
  ../../../course-summary-candidate-dist    2.76 KiB         1.05 KiB
  /js/chunk-2d0a3776.87b9a785.js
  ../../../course-summary-candidate-dist    2.71 KiB         1.03 KiB
  /js/chunk-2d0dec69.7f344119.js
  ../../../course-summary-candidate-dist    2.69 KiB         1.05 KiB
  /js/chunk-2d22cc26.2e173814.js
  ../../../course-summary-candidate-dist    2.60 KiB         1.16 KiB
  /scratchjr/js/common.js
  ../../../course-summary-candidate-dist    2.57 KiB         1.18 KiB
  /js/chunk-434972e2.a890001c.js
  ../../../course-summary-candidate-dist    2.40 KiB         1.15 KiB
  /js/chunk-2d0c45fa.ab100d23.js
  ../../../course-summary-candidate-dist    2.38 KiB         1.01 KiB
  /js/chunk-2b0363f7.8718907a.js
  ../../../course-summary-candidate-dist    2.37 KiB         0.95 KiB
  /js/chunk-2d0b9b65.e6223899.js
  ../../../course-summary-candidate-dist    2.36 KiB         1.16 KiB
  /js/chunk-2d21dfe7.d1a1dff0.js
  ../../../course-summary-candidate-dist    2.33 KiB         1.05 KiB
  /python/output.js
  ../../../course-summary-candidate-dist    2.32 KiB         1.15 KiB
  /js/chunk-2d0cfe94.8315d8ec.js
  ../../../course-summary-candidate-dist    2.29 KiB         1.14 KiB
  /js/chunk-2d0b1e33.74ff597e.js
  ../../../course-summary-candidate-dist    2.26 KiB         1.00 KiB
  /js/chunk-2203d43c.d12b5562.js
  ../../../course-summary-candidate-dist    2.23 KiB         1.09 KiB
  /js/chunk-2d0a3c6b.a43a5ba6.js
  ../../../course-summary-candidate-dist    2.20 KiB         0.87 KiB
  /js/chunk-f4145dd0.045c2946.js
  ../../../course-summary-candidate-dist    2.08 KiB         1.07 KiB
  /js/chunk-2d0a3cbb.a9375b01.js
  ../../../course-summary-candidate-dist    2.07 KiB         1.02 KiB
  /js/chunk-30ac2e57.787b4fec.js
  ../../../course-summary-candidate-dist    2.06 KiB         0.82 KiB
  /blockly/msg/th.js
  ../../../course-summary-candidate-dist    2.02 KiB         0.96 KiB
  /js/chunk-2d238425.8a01b344.js
  ../../../course-summary-candidate-dist    2.00 KiB         1.21 KiB
  /js/chunk-2cb2ced6.6420f578.js
  ../../../course-summary-candidate-dist    1.95 KiB         0.91 KiB
  /js/chunk-952ad1d6.18eca459.js
  ../../../course-summary-candidate-dist    1.88 KiB         0.75 KiB
  /blockly/msg/ta.js
  ../../../course-summary-candidate-dist    1.88 KiB         0.93 KiB
  /js/chunk-e1e3409e.744b6662.js
  ../../../course-summary-candidate-dist    1.85 KiB         0.92 KiB
  /js/chunk-06f9e3f4.4f9794cf.js
  ../../../course-summary-candidate-dist    1.82 KiB         0.88 KiB
  /scratch3/chunks/player.js
  ../../../course-summary-candidate-dist    1.81 KiB         0.87 KiB
  /js/chunk-12b753e2.090c7530.js
  ../../../course-summary-candidate-dist    1.78 KiB         0.81 KiB
  /js/chunk-2d209ae6.45e1129a.js
  ../../../course-summary-candidate-dist    1.78 KiB         0.86 KiB
  /js/chunk-2d859ad4.712fcea5.js
  ../../../course-summary-candidate-dist    1.70 KiB         0.67 KiB
  /js/chunk-55b71812.c33ce65e.js
  ../../../course-summary-candidate-dist    1.63 KiB         0.86 KiB
  /js/chunk-2d0ba8d9.823546a0.js
  ../../../course-summary-candidate-dist    1.61 KiB         0.79 KiB
  /js/chunk-42f73310.2adb1668.js
  ../../../course-summary-candidate-dist    1.58 KiB         0.84 KiB
  /js/chunk-642a1c2a.44dac5cf.js
  ../../../course-summary-candidate-dist    1.58 KiB         0.84 KiB
  /js/chunk-6b3ffd30.a25313ca.js
  ../../../course-summary-candidate-dist    1.57 KiB         0.70 KiB
  /scratch3/1ec1a83be92ce3c05727.worker.
  js
  ../../../course-summary-candidate-dist    1.57 KiB         0.83 KiB
  /js/fail.aebb678b.js
  ../../../course-summary-candidate-dist    1.56 KiB         0.81 KiB
  /blockly/msg/el.js
  ../../../course-summary-candidate-dist    1.55 KiB         0.74 KiB
  /blockly/msg/mk.js
  ../../../course-summary-candidate-dist    1.53 KiB         0.72 KiB
  /js/chunk-2d0dde11.63f6a756.js
  ../../../course-summary-candidate-dist    1.50 KiB         0.77 KiB
  /blockly/msg/ru.js
  ../../../course-summary-candidate-dist    1.47 KiB         0.76 KiB
  /blockly/msg/be-tarask.js
  ../../../course-summary-candidate-dist    1.44 KiB         0.72 KiB
  /blockly/msg/sr.js
  ../../../course-summary-candidate-dist    1.44 KiB         0.76 KiB
  /blockly/msg/uk.js
  ../../../course-summary-candidate-dist    1.35 KiB         0.74 KiB
  /js/chunk-2d0e1f65.c3c2b34c.js
  ../../../course-summary-candidate-dist    1.33 KiB         0.68 KiB
  /blockly/msg/fa.js
  ../../../course-summary-candidate-dist    1.30 KiB         0.67 KiB
  /js/chunk-2d0f05f3.92e9e9d9.js
  ../../../course-summary-candidate-dist    1.29 KiB         0.67 KiB
  /blockly/msg/ar.js
  ../../../course-summary-candidate-dist    1.29 KiB         0.74 KiB
  /js/chunk-406a8dea.8fb1d185.js
  ../../../course-summary-candidate-dist    1.27 KiB         0.64 KiB
  /blockly/msg/he.js
  ../../../course-summary-candidate-dist    1.23 KiB         0.70 KiB
  /js/chunk-2d0c8bc6.aa88f8c1.js
  ../../../course-summary-candidate-dist    1.22 KiB         0.67 KiB
  /blockly/msg/ja.js
  ../../../course-summary-candidate-dist    1.18 KiB         0.68 KiB
  /blockly/msg/hr.js
  ../../../course-summary-candidate-dist    1.13 KiB         0.58 KiB
  /js/chunk-2d22566e.15b6dc97.js
  ../../../course-summary-candidate-dist    1.10 KiB         0.63 KiB
  /blockly/msg/vi.js
  ../../../course-summary-candidate-dist    1.10 KiB         0.60 KiB
  /blockly/msg/en.js
  ../../../course-summary-candidate-dist    1.08 KiB         0.64 KiB
  /blockly/msg/ko.js
  ../../../course-summary-candidate-dist    1.07 KiB         0.59 KiB
  /blockly/msg/de.js
  ../../../course-summary-candidate-dist    1.05 KiB         0.56 KiB
  /blockly/msg/nl.js
  ../../../course-summary-candidate-dist    1.05 KiB         0.55 KiB
  /blockly/msg/ia.js
  ../../../course-summary-candidate-dist    1.04 KiB         0.59 KiB
  /blockly/msg/ro.js
  ../../../course-summary-candidate-dist    1.04 KiB         0.60 KiB
  /blockly/msg/tr.js
  ../../../course-summary-candidate-dist    1.04 KiB         0.57 KiB
  /blockly/msg/it.js
  ../../../course-summary-candidate-dist    1.03 KiB         0.59 KiB
  /blockly/msg/fr.js
  ../../../course-summary-candidate-dist    1.03 KiB         0.58 KiB
  /blockly/msg/oc.js
  ../../../course-summary-candidate-dist    1.03 KiB         0.58 KiB
  /blockly/msg/ca.js
  ../../../course-summary-candidate-dist    1.03 KiB         0.58 KiB
  /blockly/msg/hrx.js
  ../../../course-summary-candidate-dist    1.02 KiB         0.56 KiB
  /blockly/msg/br.js
  ../../../course-summary-candidate-dist    1.02 KiB         0.59 KiB
  /blockly/msg/pms.js
  ../../../course-summary-candidate-dist    1.01 KiB         0.62 KiB
  /blockly/msg/pl.js
  ../../../course-summary-candidate-dist    1.01 KiB         0.57 KiB
  /blockly/msg/sc.js
  ../../../course-summary-candidate-dist    1.00 KiB         0.55 KiB
  /blockly/msg/ms.js
  ../../../course-summary-candidate-dist    1.00 KiB         0.57 KiB
  /blockly/msg/et.js
  ../../../course-summary-candidate-dist    1.00 KiB         0.56 KiB
  /blockly/msg/es.js
  ../../../course-summary-candidate-dist    0.99 KiB         0.58 KiB
  /blockly/msg/sk.js
  ../../../course-summary-candidate-dist    0.99 KiB         0.56 KiB
  /scratch3/chunks/blocksonly.js
  ../../../course-summary-candidate-dist    0.98 KiB         0.57 KiB
  /blockly/msg/hu.js
  ../../../course-summary-candidate-dist    0.98 KiB         0.56 KiB
  /blockly/msg/pt-br.js
  ../../../course-summary-candidate-dist    0.98 KiB         0.56 KiB
  /blockly/msg/kab.js
  ../../../course-summary-candidate-dist    0.98 KiB         0.58 KiB
  /blockly/msg/is.js
  ../../../course-summary-candidate-dist    0.98 KiB         0.56 KiB
  /js/chunk-489b2ce2.014188fb.js
  ../../../course-summary-candidate-dist    0.97 KiB         0.56 KiB
  /blockly/msg/sv.js
  ../../../course-summary-candidate-dist    0.97 KiB         0.52 KiB
  /js/chunk-d668e76e.36737edf.js
  ../../../course-summary-candidate-dist    0.97 KiB         0.55 KiB
  /blockly/msg/da.js
  ../../../course-summary-candidate-dist    0.96 KiB         0.54 KiB
  /blockly/msg/nb.js
  ../../../course-summary-candidate-dist    0.92 KiB         0.46 KiB
  /js/chunk-558dea90.91596e13.js
  ../../../course-summary-candidate-dist    0.92 KiB         0.61 KiB
  /blockly/msg/zh-hant.js
  ../../../course-summary-candidate-dist    0.91 KiB         0.62 KiB
  /blockly/msg/zh-hans.js
  ../../../course-summary-candidate-dist    0.90 KiB         0.57 KiB
  /js/chunk-2d0c9207.b7ad9a7e.js
  ../../../course-summary-candidate-dist    0.89 KiB         0.55 KiB
  /blockly/msg/cs.js
  ../../../course-summary-candidate-dist    0.82 KiB         0.46 KiB
  /python/static/js/manifest.js
  ../../../course-summary-candidate-dist    0.81 KiB         0.44 KiB
  /blockly/msg/tlh.js
  ../../../course-summary-candidate-dist    0.66 KiB         0.46 KiB
  /js/chunk-2d221fbb.3c7112f6.js
  ../../../course-summary-candidate-dist    0.57 KiB         0.46 KiB
  /js/chunk-2d0be1b3.bd32640c.js
  ../../../course-summary-candidate-dist    0.54 KiB         0.36 KiB
  /js/chunk-28b4d9b5.6f3daf63.js
  ../../../course-summary-candidate-dist    0.53 KiB         0.29 KiB
  /scratchjr/engine-bridge.js
  ../../../course-summary-candidate-dist    0.37 KiB         0.28 KiB
  /js/chunk-2d0aecfc.4d1528a4.js
  ../../../course-summary-candidate-dist    0.37 KiB         0.28 KiB
  /js/chunk-2d0e4e51.1fb0b42a.js
  ../../../course-summary-candidate-dist    0.36 KiB         0.27 KiB
  /js/chunk-2d20e7f3.f775a71b.js
  ../../../course-summary-candidate-dist    0.31 KiB         0.25 KiB
  /js/chunk-2d0ae949.a0482b39.js
  ../../../course-summary-candidate-dist    0.31 KiB         0.25 KiB
  /js/chunk-2d0e95df.7b027f8f.js
  ../../../course-summary-candidate-dist    548.23 KiB       76.39 KiB
  /css/chunk-vendors.0626b6c1.css
  ../../../course-summary-candidate-dist    523.03 KiB       61.74 KiB
  /python/static/css/app.css
  ../../../course-summary-candidate-dist    522.90 KiB       61.72 KiB
  /python/static/css/appPlayer.css
  ../../../course-summary-candidate-dist    169.64 KiB       28.01 KiB
  /css/chunk-21f0fc47.208b3518.css
  ../../../course-summary-candidate-dist    46.44 KiB        7.71 KiB
  /tinymce/skins/lightgray/skin.min.css
  ../../../course-summary-candidate-dist    46.27 KiB        8.75 KiB
  /css/app.34569fa6.css
  ../../../course-summary-candidate-dist    27.04 KiB        4.57 KiB
  /scratchjr/css/editor.css
  ../../../course-summary-candidate-dist    25.03 KiB        3.92 KiB
  /css/chunk-55b71812.0b117d60.css
  ../../../course-summary-candidate-dist    17.63 KiB        4.76 KiB
  /tinymce/skins/lightgray/content.min.c
  ss
  ../../../course-summary-candidate-dist    15.10 KiB        3.10 KiB
  /css/chunk-5f155e69.27aa9535.css
  ../../../course-summary-candidate-dist    13.51 KiB        2.24 KiB
  /scratchjr/css/paintlook.css
  ../../../course-summary-candidate-dist    12.63 KiB        2.50 KiB
  /css/chunk-0106ce24.a35435f8.css
  ../../../course-summary-candidate-dist    12.40 KiB        2.47 KiB
  /scratchjr/css/lobby.css
  ../../../course-summary-candidate-dist    12.25 KiB        2.38 KiB
  /css/chunk-b15c5b3c.4d007399.css
  ../../../course-summary-candidate-dist    11.83 KiB        2.44 KiB
  /css/chunk-654a0926.0e07c169.css
  ../../../course-summary-candidate-dist    11.73 KiB        2.65 KiB
  /css/home.d7760c58.css
  ../../../course-summary-candidate-dist    10.14 KiB        2.26 KiB
  /css/chunk-da74b6ea.320c615c.css
  ../../../course-summary-candidate-dist    9.84 KiB         1.82 KiB
  /scratchjr/css/editorstage.css
  ../../../course-summary-candidate-dist    9.41 KiB         2.49 KiB
  /css/chunk-5f72b73b.b4e95fae.css
  ../../../course-summary-candidate-dist    9.24 KiB         1.86 KiB
  /scratchjr/inapp/style/interface.css
  ../../../course-summary-candidate-dist    8.27 KiB         2.79 KiB
  /css/chunk-5c00e860.28e3d180.css
  ../../../course-summary-candidate-dist    7.58 KiB         1.55 KiB
  /scratchjr/inapp/style/paint.css
  ../../../course-summary-candidate-dist    7.58 KiB         1.53 KiB
  /scratchjr/css/start.css
  ../../../course-summary-candidate-dist    7.33 KiB         1.98 KiB
  /css/user.5dcfe9fd.css
  ../../../course-summary-candidate-dist    6.39 KiB         1.34 KiB
  /scratchjr/css/editormodal.css
  ../../../course-summary-candidate-dist    6.21 KiB         1.28 KiB
  /css/chunk-7de7fae8.b41b3d5d.css
  ../../../course-summary-candidate-dist    6.14 KiB         1.66 KiB
  /css/chunk-846e4bd2.9f6992b2.css
  ../../../course-summary-candidate-dist    5.91 KiB         1.37 KiB
  /css/scratch.css
  ../../../course-summary-candidate-dist    5.21 KiB         1.34 KiB
  /css/chunk-5c6cac6a.eebeecfc.css
  ../../../course-summary-candidate-dist    5.08 KiB         1.08 KiB
  /scratchjr/css/thumbs.css
  ../../../course-summary-candidate-dist    5.06 KiB         1.04 KiB
  /scratchjr/css/editorleftpanel.css
  ../../../course-summary-candidate-dist    4.82 KiB         1.38 KiB
  /css/chunk-702a59b0.7d4477a4.css
  ../../../course-summary-candidate-dist    4.79 KiB         1.25 KiB
  /css/chunk-9da903d8.2de60649.css
  ../../../course-summary-candidate-dist    4.63 KiB         1.29 KiB
  /css/chunk-dab567ea.a3769a24.css
  ../../../course-summary-candidate-dist    4.45 KiB         1.19 KiB
  /css/chunk-a4a5036e.f56fba57.css
  ../../../course-summary-candidate-dist    4.24 KiB         1.08 KiB
  /scratchjr/css/librarymodal.css
  ../../../course-summary-candidate-dist    3.84 KiB         1.04 KiB
  /scratch3/css/keyboard.css
  ../../../course-summary-candidate-dist    3.09 KiB         0.89 KiB
  /css/chunk-c595fa56.e975bd7f.css
  ../../../course-summary-candidate-dist    2.99 KiB         0.80 KiB
  /css/chunk-564f2ed8.8b388d9d.css
  ../../../course-summary-candidate-dist    2.82 KiB         0.94 KiB
  /blockly/style.css
  ../../../course-summary-candidate-dist    2.81 KiB         0.80 KiB
  /css/chunk-34fc7cbc.ef6e6c8c.css
  ../../../course-summary-candidate-dist    2.58 KiB         0.72 KiB
  /css/chunk-38329d04.2a947bbb.css
  ../../../course-summary-candidate-dist    2.54 KiB         0.60 KiB
  /scratchjr/inapp/style/blocks.css
  ../../../course-summary-candidate-dist    2.52 KiB         0.99 KiB
  /scratch3/persistence.css
  ../../../course-summary-candidate-dist    2.48 KiB         0.79 KiB
  /css/chunk-1d9973c8.933a16c3.css
  ../../../course-summary-candidate-dist    2.48 KiB         0.96 KiB
  /scratchjr/persistence.css
  ../../../course-summary-candidate-dist    2.20 KiB         0.90 KiB
  /scratch3/css/player.css
  ../../../course-summary-candidate-dist    2.16 KiB         0.67 KiB
  /css/chunk-061af9cd.f19f0e09.css
  ../../../course-summary-candidate-dist    2.16 KiB         0.51 KiB
  /css/chunk-1704622f.7bd5699b.css
  ../../../course-summary-candidate-dist    2.16 KiB         0.65 KiB
  /css/chunk-4c5df1b8.475e368d.css
  ../../../course-summary-candidate-dist    1.95 KiB         0.71 KiB
  /css/chunk-4df55040.19555c98.css
  ../../../course-summary-candidate-dist    1.85 KiB         0.58 KiB
  /css/chunk-feaee3de.967da1e0.css
  ../../../course-summary-candidate-dist    1.84 KiB         0.42 KiB
  /scratchjr/css/font.css
  ../../../course-summary-candidate-dist    1.84 KiB         0.56 KiB
  /scratchjr/css/gs.css
  ../../../course-summary-candidate-dist    1.79 KiB         0.61 KiB
  /css/chunk-4f8d3122.4094007d.css
  ../../../course-summary-candidate-dist    1.75 KiB         0.62 KiB
  /css/chunk-2c361c6a.e0407047.css
  ../../../course-summary-candidate-dist    1.74 KiB         0.59 KiB
  /css/chunk-7cc18e5b.0c6b51fd.css
  ../../../course-summary-candidate-dist    1.70 KiB         0.68 KiB
  /css/chunk-699e8c58.cfc1f769.css
  ../../../course-summary-candidate-dist    1.69 KiB         0.67 KiB
  /css/chunk-2dc23de8.90c91c4f.css
  ../../../course-summary-candidate-dist    1.66 KiB         0.70 KiB
  /python/persistence.css
  ../../../course-summary-candidate-dist    1.59 KiB         0.53 KiB
  /css/chunk-295b2f45.396bfac0.css
  ../../../course-summary-candidate-dist    1.50 KiB         0.47 KiB
  /css/chunk-e1275998.c5684bfb.css
  ../../../course-summary-candidate-dist    1.47 KiB         0.62 KiB
  /css/chunk-56892c62.4c6aa613.css
  ../../../course-summary-candidate-dist    1.43 KiB         0.43 KiB
  /scratchjr/inapp/style/style.css
  ../../../course-summary-candidate-dist    1.43 KiB         0.56 KiB
  /css/chunk-3edc4aee.2b17d657.css
  ../../../course-summary-candidate-dist    1.42 KiB         0.45 KiB
  /css/chunk-2811eab1.5c386c8b.css
  ../../../course-summary-candidate-dist    1.38 KiB         0.48 KiB
  /css/chunk-2b2afeb4.cfaeb402.css
  ../../../course-summary-candidate-dist    1.34 KiB         0.51 KiB
  /css/chunk-42e8a7a4.29e86403.css
  ../../../course-summary-candidate-dist    1.32 KiB         0.48 KiB
  /css/chunk-4cf1490f.c390c357.css
  ../../../course-summary-candidate-dist    1.30 KiB         0.55 KiB
  /css/chunk-2a3f17f4.d380ff1a.css
  ../../../course-summary-candidate-dist    1.25 KiB         0.54 KiB
  /css/chunk-c1c21bbc.100042a5.css
  ../../../course-summary-candidate-dist    1.23 KiB         0.42 KiB
  /css/chunk-9eb3b5b2.44134057.css
  ../../../course-summary-candidate-dist    1.22 KiB         0.43 KiB
  /css/chunk-2b19b8cc.f8034e67.css
  ../../../course-summary-candidate-dist    1.16 KiB         0.39 KiB
  /css/chunk-0fc9ab06.ccb56ca0.css
  ../../../course-summary-candidate-dist    1.15 KiB         0.46 KiB
  /css/chunk-773edb85.2d4e500f.css
  ../../../course-summary-candidate-dist    1.10 KiB         0.48 KiB
  /css/chunk-00962386.9171a97b.css
  ../../../course-summary-candidate-dist    1.09 KiB         0.42 KiB
  /css/chunk-337319f0.4058e8b0.css
  ../../../course-summary-candidate-dist    1.09 KiB         0.46 KiB
  /css/chunk-577a7cd0.45dfd909.css
  ../../../course-summary-candidate-dist    1.09 KiB         0.46 KiB
  /css/chunk-8148b846.45dfd909.css
  ../../../course-summary-candidate-dist    1.06 KiB         0.49 KiB
  /css/chunk-4ee438f8.3e6bfddc.css
  ../../../course-summary-candidate-dist    1.06 KiB         0.43 KiB
  /css/chunk-10204d6b.577973de.css
  ../../../course-summary-candidate-dist    1.02 KiB         0.46 KiB
  /css/chunk-89c64976.575b3b3b.css
  ../../../course-summary-candidate-dist    0.98 KiB         0.31 KiB
  /css/chunk-06f9e3f4.4295cf26.css
  ../../../course-summary-candidate-dist    0.93 KiB         0.44 KiB
  /scratchjr/css/base.css
  ../../../course-summary-candidate-dist    0.93 KiB         0.39 KiB
  /css/chunk-2b0363f7.11ff595c.css
  ../../../course-summary-candidate-dist    0.88 KiB         0.40 KiB
  /css/chunk-21a8d479.e7383359.css
  ../../../course-summary-candidate-dist    0.88 KiB         0.40 KiB
  /css/chunk-2b125264.e7383359.css
  ../../../course-summary-candidate-dist    0.88 KiB         0.40 KiB
  /css/chunk-33c06197.e7383359.css
  ../../../course-summary-candidate-dist    0.88 KiB         0.40 KiB
  /css/chunk-35ebffbf.e7383359.css
  ../../../course-summary-candidate-dist    0.88 KiB         0.40 KiB
  /css/chunk-43aea182.e7383359.css
  ../../../course-summary-candidate-dist    0.88 KiB         0.40 KiB
  /css/chunk-48792450.e7383359.css
  ../../../course-summary-candidate-dist    0.88 KiB         0.40 KiB
  /css/chunk-4d3c2ec8.e7383359.css
  ../../../course-summary-candidate-dist    0.88 KiB         0.40 KiB
  /css/chunk-63108879.e7383359.css
  ../../../course-summary-candidate-dist    0.88 KiB         0.40 KiB
  /css/chunk-71c04522.e7383359.css
  ../../../course-summary-candidate-dist    0.88 KiB         0.40 KiB
  /css/chunk-774f2a3a.e7383359.css
  ../../../course-summary-candidate-dist    0.88 KiB         0.40 KiB
  /css/chunk-7e62704e.e7383359.css
  ../../../course-summary-candidate-dist    0.88 KiB         0.40 KiB
  /css/chunk-885abb1e.e7383359.css
  ../../../course-summary-candidate-dist    0.88 KiB         0.40 KiB
  /css/chunk-8e1d9894.e7383359.css
  ../../../course-summary-candidate-dist    0.88 KiB         0.40 KiB
  /css/chunk-ad990116.e7383359.css
  ../../../course-summary-candidate-dist    0.88 KiB         0.40 KiB
  /css/chunk-d4d526a2.e7383359.css
  ../../../course-summary-candidate-dist    0.86 KiB         0.41 KiB
  /css/chunk-32b42889.770ec732.css
  ../../../course-summary-candidate-dist    0.83 KiB         0.34 KiB
  /css/chunk-7bec7679.7ada141d.css
  ../../../course-summary-candidate-dist    0.82 KiB         0.35 KiB
  /css/chunk-41628c0b.eb862428.css
  ../../../course-summary-candidate-dist    0.81 KiB         0.37 KiB
  /css/chunk-4dcaccd8.c74da991.css
  ../../../course-summary-candidate-dist    0.80 KiB         0.25 KiB
  /css/chunk-30ac2e57.062ee2cf.css
  ../../../course-summary-candidate-dist    0.78 KiB         0.31 KiB
  /css/chunk-3452d4e4.11178f23.css
  ../../../course-summary-candidate-dist    0.76 KiB         0.31 KiB
  /css/chunk-406a8dea.8d634e04.css
  ../../../course-summary-candidate-dist    0.76 KiB         0.31 KiB
  /css/chunk-642a1c2a.8d634e04.css
  ../../../course-summary-candidate-dist    0.76 KiB         0.31 KiB
  /css/chunk-6b3ffd30.8d634e04.css
  ../../../course-summary-candidate-dist    0.76 KiB         0.31 KiB
  /css/fail.8d634e04.css
  ../../../course-summary-candidate-dist    0.74 KiB         0.32 KiB
  /css/chunk-12b753e2.04e56ad4.css
  ../../../course-summary-candidate-dist    0.74 KiB         0.30 KiB
  /css/chunk-d103020a.91ff4083.css
  ../../../course-summary-candidate-dist    0.73 KiB         0.35 KiB
  /css/chunk-fe7380b8.220561ef.css
  ../../../course-summary-candidate-dist    0.73 KiB         0.31 KiB
  /css/chunk-68fd7438.2d00e250.css
  ../../../course-summary-candidate-dist    0.71 KiB         0.35 KiB
  /css/chunk-5d11afae.456e1e4f.css
  ../../../course-summary-candidate-dist    0.71 KiB         0.34 KiB
  /css/chunk-2cb2ced6.74fb9069.css
  ../../../course-summary-candidate-dist    0.71 KiB         0.29 KiB
  /css/chunk-0067c404.d312bf7a.css
  ../../../course-summary-candidate-dist    0.70 KiB         0.30 KiB
  /css/chunk-06e9670c.b5afa136.css
  ../../../course-summary-candidate-dist    0.70 KiB         0.30 KiB
  /css/chunk-2203d43c.b5afa136.css
  ../../../course-summary-candidate-dist    0.70 KiB         0.30 KiB
  /css/chunk-2d859ad4.b5afa136.css
  ../../../course-summary-candidate-dist    0.70 KiB         0.30 KiB
  /css/chunk-558dea90.b5afa136.css
  ../../../course-summary-candidate-dist    0.69 KiB         0.30 KiB
  /css/chunk-56c51fc2.8f26d986.css
  ../../../course-summary-candidate-dist    0.69 KiB         0.30 KiB
  /css/chunk-91def5e6.b4df06df.css
  ../../../course-summary-candidate-dist    0.67 KiB         0.27 KiB
  /css/chunk-60691329.5f72ea11.css
  ../../../course-summary-candidate-dist    0.65 KiB         0.31 KiB
  /css/chunk-05f1eee6.3efc8181.css
  ../../../course-summary-candidate-dist    0.63 KiB         0.31 KiB
  /scratchjr/inapp/style/about.css
  ../../../course-summary-candidate-dist    0.62 KiB         0.28 KiB
  /css/chunk-4ff90fe6.3dde3ba9.css
  ../../../course-summary-candidate-dist    0.62 KiB         0.28 KiB
  /css/chunk-571e4483.3dde3ba9.css
  ../../../course-summary-candidate-dist    0.60 KiB         0.29 KiB
  /css/chunk-7fd011d4.ae2ba9d8.css
  ../../../course-summary-candidate-dist    0.60 KiB         0.30 KiB
  /css/chunk-39e07799.27189445.css
  ../../../course-summary-candidate-dist    0.59 KiB         0.31 KiB
  /css/chunk-2e2cadca.8940d21e.css
  ../../../course-summary-candidate-dist    0.59 KiB         0.31 KiB
  /css/chunk-70d2de14.8940d21e.css
  ../../../course-summary-candidate-dist    0.59 KiB         0.31 KiB
  /css/chunk-7816dbd1.8940d21e.css
  ../../../course-summary-candidate-dist    0.59 KiB         0.31 KiB
  /css/chunk-a08a698a.8940d21e.css
  ../../../course-summary-candidate-dist    0.55 KiB         0.25 KiB
  /css/chunk-2a465c9b.8329642a.css
  ../../../course-summary-candidate-dist    0.55 KiB         0.25 KiB
  /css/chunk-32dddb77.0609365a.css
  ../../../course-summary-candidate-dist    0.54 KiB         0.37 KiB
  /python/output.css
  ../../../course-summary-candidate-dist    0.53 KiB         0.27 KiB
  /css/chunk-489b2ce2.1cd05732.css
  ../../../course-summary-candidate-dist    0.51 KiB         0.24 KiB
  /css/chunk-0ca556c5.14729d91.css
  ../../../course-summary-candidate-dist    0.51 KiB         0.24 KiB
  /css/chunk-3f4e60be.8efec51a.css
  ../../../course-summary-candidate-dist    0.51 KiB         0.24 KiB
  /css/chunk-4b168cec.17096404.css
  ../../../course-summary-candidate-dist    0.51 KiB         0.24 KiB
  /css/chunk-a3d7df0a.1bdf65ed.css
  ../../../course-summary-candidate-dist    0.48 KiB         0.25 KiB
  /css/chunk-63e7cfd2.8f5d093f.css
  ../../../course-summary-candidate-dist    0.44 KiB         0.22 KiB
  /css/chunk-fc3a60d8.e72b810f.css
  ../../../course-summary-candidate-dist    0.42 KiB         0.21 KiB
  /css/chunk-507301b0.6b39647e.css
  ../../../course-summary-candidate-dist    0.42 KiB         0.28 KiB
  /css/chunk-2bd4832e.6f847da2.css
  ../../../course-summary-candidate-dist    0.42 KiB         0.28 KiB
  /css/chunk-434972e2.6f847da2.css
  ../../../course-summary-candidate-dist    0.38 KiB         0.21 KiB
  /css/chunk-952ad1d6.fbd798d2.css
  ../../../course-summary-candidate-dist    0.38 KiB         0.20 KiB
  /css/chunk-49a94d80.40215ed3.css
  ../../../course-summary-candidate-dist    0.31 KiB         0.18 KiB
  /css/chunk-f4145dd0.6f8d04e9.css
  ../../../course-summary-candidate-dist    0.29 KiB         0.15 KiB
  /css/chunk-73594c9e.62f918ab.css
  ../../../course-summary-candidate-dist    0.29 KiB         0.15 KiB
  /css/chunk-4d8e1b1d.561d368d.css
  ../../../course-summary-candidate-dist    0.24 KiB         0.20 KiB
  /css/chunk-060084d5.acd07ebf.css
  ../../../course-summary-candidate-dist    0.24 KiB         0.18 KiB
  /css/chunk-e897d88e.76fe97d8.css
  ../../../course-summary-candidate-dist    0.23 KiB         0.14 KiB
  /css/chunk-750e3f31.18b4a5a3.css
  ../../../course-summary-candidate-dist    0.23 KiB         0.14 KiB
  /css/chunk-ccaa20dc.58b819d0.css
  ../../../course-summary-candidate-dist    0.23 KiB         0.17 KiB
  /css/chunk-9a2bd16a.3c8b1650.css
  ../../../course-summary-candidate-dist    0.22 KiB         0.16 KiB
  /css/chunk-0c878aea.6ed61d7a.css
  ../../../course-summary-candidate-dist    0.22 KiB         0.15 KiB
  /css/chunk-6c1dfd96.6208fe33.css
  ../../../course-summary-candidate-dist    0.22 KiB         0.15 KiB
  /css/chunk-e1e3409e.7e01cfe9.css
  ../../../course-summary-candidate-dist    0.21 KiB         0.15 KiB
  /css/chunk-3f00a3bc.7ef6f74a.css
  ../../../course-summary-candidate-dist    0.20 KiB         0.14 KiB
  /css/chunk-d668e76e.5d37fdc8.css
  ../../../course-summary-candidate-dist    0.19 KiB         0.16 KiB
  /css/chunk-5394f16f.220d6891.css
  ../../../course-summary-candidate-dist    0.19 KiB         0.16 KiB
  /css/chunk-5f8975e0.c6333b3d.css
  ../../../course-summary-candidate-dist    0.19 KiB         0.16 KiB
  /css/chunk-6f9e13e4.4f99c460.css
  ../../../course-summary-candidate-dist    0.19 KiB         0.16 KiB
  /css/chunk-b62d3396.220d6891.css
  ../../../course-summary-candidate-dist    0.17 KiB         0.12 KiB
  /css/chunk-42f73310.392b41ac.css
  ../../../course-summary-candidate-dist    0.15 KiB         0.12 KiB
  /css/chunk-0404f611.4df42a33.css
  ../../../course-summary-candidate-dist    0.14 KiB         0.12 KiB
  /css/chunk-655600c2.13eb71a8.css
  ../../../course-summary-candidate-dist    0.14 KiB         0.11 KiB
  /css/chunk-0d4eb5c9.333a6acf.css
  ../../../course-summary-candidate-dist    0.12 KiB         0.10 KiB
  /css/chunk-976c9a12.97e8b587.css
  ../../../course-summary-candidate-dist    0.12 KiB         0.12 KiB
  /css/chunk-21b08424.32dd9cd1.css
  ../../../course-summary-candidate-dist    0.11 KiB         0.10 KiB
  /css/chunk-28b4d9b5.8fef9d58.css
  ../../../course-summary-candidate-dist    0.09 KiB         0.10 KiB
  /css/chunk-676c7816.c158e6b9.css
  ../../../course-summary-candidate-dist    0.07 KiB         0.08 KiB
  /css/chunk-544a773d.b579b8f6.css
  ../../../course-summary-candidate-dist    0.06 KiB         0.07 KiB
  /css/chunk-c387b504.8ac92d69.css
  ../../../course-summary-candidate-dist    0.05 KiB         0.07 KiB
  /css/chunk-0a8ffb9c.828dfd31.css
  ../../../course-summary-candidate-dist    0.05 KiB         0.07 KiB
  /css/chunk-382b809a.e2de2a81.css
  ../../../course-summary-candidate-dist    0.05 KiB         0.07 KiB
  /css/chunk-bde14650.23e6a9f5.css

  Images and other types of assets omitted.

 DONE  Build complete. The ../../../course-summary-candidate-dist directory is ready to be deployed.
 INFO  Check out deployment instructions at https://cli.vuejs.org/guide/deployment.html
